Machine state will be reset. To keep it, pass --keep-vm-state
start all VLans
start vlan
running vlan (pid 9; ctl /build/vde1.ctl)
(finished: start all VLans, in 0.00 seconds)
Test will time out and terminate in 3600 seconds
run the VM test script
additionally exposed symbols:
    client1, client2, server,
    vlan1,
    start_all, test_script, machines, vlans, driver, log, os, create_machine, subtest, run_tests, join_all, retry, serial_stdout_off, serial_stdout_on, polling_condition, Machine, t, debug
start all VMs
client1: starting vm
mke2fs 1.47.3 (8-Jul-2025)
client1: QEMU running (pid 11)
client2: starting vm
client1 # Disk image does not exist, creating the virtualisation disk image...
client1 # Formatting '/build/vm-state-client1/tmp.2UCpWS5CGf', fmt=raw size=1073741824
client1 # Discarding device blocks:      0/26214            done
client1 # Creating filesystem with 262144 4k blocks and 65536 inodes
client1 # Filesystem UUID: 0ef5a42f-8cb4-4129-b373-46b3febd84b2
client1 # Superblock backups stored on blocks:
client1 # 	32768, 98304, 163840, 229376
client1 # 
client1 # Allocating group tables: 0/  done
client1 # Writing inode tables: 0/  done
client1 # Creating journal (8192 blocks): done
client1 # Writing superblocks and filesystem accounting information: 0/  done
client1 # 
client1 # Virtualisation disk image created.
mke2fs 1.47.3 (8-Jul-2025)
client1 # cSeaBIOS (version rel-1.17.0-0-gb52ca86e094d-prebuilt.qemu.org)
client2 # Disk image does not exist, creating the virtualisation disk image...
client2 # Formatting '/build/vm-state-client2/tmp.2jmSQfksFl', fmt=raw size=1073741824
client2 # Discarding device blocks:      0/26214            done
client2 # Creating filesystem with 262144 4k blocks and 65536 inodes
client2: QEMU running (pid 33)
client2 # Filesystem UUID: 84b9c313-2536-4e3b-8820-c0a75fbcd516
client2 # Superblock backups stored on blocks:
client2 # 	32768, 98304, 163840, 229376
client2 # 
client2 # Allocating group tables: 0/  done
server: starting vm
client2 # Writing inode tables: 0/  done
client2 # Creating journal (8192 blocks): done
client2 # Writing superblocks and filesystem accounting information: 0/  done
client2 # 
client2 # Virtualisation disk image created.
mke2fs 1.47.3 (8-Jul-2025)
client1 # 
client1 # 
client1 # iPXE (http://ipxe.org) 00:03.0 CA00 PCI2.10 PnP PMM+3EFD1920+3EF31920 CA00
client1 # Press Ctrl-B to configure iPXE (PCI 00:03.0)...
client1 # 
client1 # 
client1 # 
client1 # 
client1 # iPXE (http://ipxe.org) 00:09.0 CB00 PCI2.10 PnP PMM 3EFD1920 3EF31920 CB00
client1 # Press Ctrl-B to configure iPXE (PCI 00:09.0)...
client1 # 
client1 # 
client1 # Booting from ROM...
client2 # cSeaBIOS (version rel-1.17.0-0-gb52ca86e094d-prebuilt.qemu.org)
server: QEMU running (pid 55)
server # Disk image does not exist, creating the virtualisation disk image...
server # Formatting '/build/vm-state-server/tmp.Hou4DU77L7', fmt=raw size=1073741824
(finished: start all VMs, in 0.34 seconds)
server # Discarding device blocks:      0/26214            done
server: waiting for unit railscale.service
server # Creating filesystem with 262144 4k blocks and 65536 inodes
server: waiting for the VM to finish booting
server # Filesystem UUID: 8a43f072-d088-46e8-ada4-f92041cbd72e
server # Superblock backups stored on blocks:
server # 	32768, 98304, 163840, 229376
server # 
server # Allocating group tables: 0/  done
server # Writing inode tables: 0/  done
server # Creating journal (8192 blocks): done
server # Writing superblocks and filesystem accounting information: 0/  done
server # 
server # Virtualisation disk image created.
client2 # 
client2 # 
client2 # iPXE (http://ipxe.org) 00:03.0 CA00 PCI2.10 PnP PMM+3EFD1920+3EF31920 CA00
client2 # Press Ctrl-B to configure iPXE (PCI 00:03.0)...
client2 # 
client2 # 
client2 # 
client2 # 
client2 # iPXE (http://ipxe.org) 00:09.0 CB00 PCI2.10 PnP PMM 3EFD1920 3EF31920 CB00
server # cSeaBIOS (version rel-1.17.0-0-gb52ca86e094d-prebuilt.qemu.org)
client2 # Press Ctrl-B to configure iPXE (PCI 00:09.0)...
client2 # 
client2 # 
client2 # Booting from ROM...
server # 
server # 
server # iPXE (http://ipxe.org) 00:03.0 CA00 PCI2.10 PnP PMM+3EFD1920+3EF31920 CA00
server # Press Ctrl-B to configure iPXE (PCI 00:03.0)...
server # 
server # 
server # 
server # 
server # iPXE (http://ipxe.org) 00:09.0 CB00 PCI2.10 PnP PMM 3EFD1920 3EF31920 CB00
client1 # Probing EDD (edd=off to disable)... oc[    0.000000] Linux version 6.12.63 (nixbld@localhost) (gcc (GCC) 15.2.0, GNU ld (GNU Binutils) 2.44) #1-NixOS SMP PREEMPT_DYNAMIC Thu Dec 18 12:55:23 UTC 2025
server # Press Ctrl-B to configure iPXE (PCI 00:09.0)...
server # 
server # 
client1 # [    0.000000] Command line: console=ttyS0 console=tty0 panic=1 boot.panic_on_fail clocksource=acpi_pm loglevel=7 net.ifnames=0 lsm=landlock,yama,bpf init=/nix/store/6l8gagglb2saj44lbbnrr1g2jcc59mvk-nixos-system-client1-test/init regInfo=/nix/store/p59l38wqplkvjk3y746klkd892n0wj5r-closure-info/registration console=ttyS0,115200n8 console=tty0
client1 # [    0.000000] BIOS-provided physical RAM map:
server # Booting from ROM...
client1 # [    0.000000] BIOS-e820: [mem 0x0000000000000000-0x000000000009fbff] usable
client1 # [    0.000000] BIOS-e820: [mem 0x000000000009fc00-0x000000000009ffff] reserved
client1 # [    0.000000] BIOS-e820: [mem 0x00000000000f0000-0x00000000000fffff] reserved
client1 # [    0.000000] BIOS-e820: [mem 0x0000000000100000-0x000000003ffdafff] usable
client1 # [    0.000000] BIOS-e820: [mem 0x000000003ffdb000-0x000000003fffffff] reserved
client1 # [    0.000000] BIOS-e820: [mem 0x00000000feffc000-0x00000000feffffff] reserved
client1 # [    0.000000] BIOS-e820: [mem 0x00000000fffc0000-0x00000000ffffffff] reserved
client1 # [    0.000000] BIOS-e820: [mem 0x000000fd00000000-0x000000ffffffffff] reserved
client1 # [    0.000000] NX (Execute Disable) protection: active
client1 # [    0.000000] APIC: Static calls initialized
client1 # [    0.000000] SMBIOS 2.8 present.
client1 # [    0.000000] DMI: QEMU Standard PC (i440FX + PIIX, 1996), BIOS rel-1.17.0-0-gb52ca86e094d-prebuilt.qemu.org 04/01/2014
client1 # [    0.000000] DMI: Memory slots populated: 1/1
client1 # [    0.000000] Hypervisor detected: KVM
client1 # [    0.000000] last_pfn = 0x3ffdb max_arch_pfn = 0x400000000
client1 # [    0.000000] kvm-clock: Using msrs 4b564d01 and 4b564d00
client1 # [    0.000000] kvm-clock: using sched offset of 336987013 cycles
client1 # [    0.000002] clocksource: kvm-clock: mask: 0xffffffffffffffff max_cycles: 0x1cd42e4dffb, max_idle_ns: 881590591483 ns
client1 # [    0.000005] tsc: Detected 3792.856 MHz processor
client1 # [    0.000795] last_pfn = 0x3ffdb max_arch_pfn = 0x400000000
client1 # [    0.000831] MTRR map: 4 entries (3 fixed + 1 variable; max 19), built from 8 variable MTRRs
client1 # [    0.000834] x86/PAT: Configuration [0-7]: WB  WC  UC- UC  WB  WP  UC- WT
client1 # [    0.003004] found SMP MP-table at [mem 0x000f5470-0x000f547f]
client1 # [    0.003019] Using GB pages for direct mapping
client1 # [    0.003078] RAMDISK: [mem 0x3f3c1000-0x3ffcffff]
client1 # [    0.003084] ACPI: Early table checksum verification disabled
client1 # [    0.003086] ACPI: RSDP 0x00000000000F5290 000014 (v00 BOCHS )
client1 # [    0.003089] ACPI: RSDT 0x000000003FFE23D9 000034 (v01 BOCHS  BXPC     00000001 BXPC 00000001)
client1 # [    0.003094] ACPI: FACP 0x000000003FFE228D 000074 (v01 BOCHS  BXPC     00000001 BXPC 00000001)
client1 # [    0.003098] ACPI: DSDT 0x000000003FFE0040 00224D (v01 BOCHS  BXPC     00000001 BXPC 00000001)
client1 # [    0.003099] ACPI: FACS 0x000000003FFE0000 000040
client1 # [    0.003101] ACPI: APIC 0x000000003FFE2301 000078 (v03 BOCHS  BXPC     00000001 BXPC 00000001)
client1 # [    0.003103] ACPI: HPET 0x000000003FFE2379 000038 (v01 BOCHS  BXPC     00000001 BXPC 00000001)
client1 # [    0.003104] ACPI: WAET 0x000000003FFE23B1 000028 (v01 BOCHS  BXPC     00000001 BXPC 00000001)
client1 # [    0.003106] ACPI: Reserving FACP table memory at [mem 0x3ffe228d-0x3ffe2300]
client1 # [    0.003107] ACPI: Reserving DSDT table memory at [mem 0x3ffe0040-0x3ffe228c]
client1 # [    0.003107] ACPI: Reserving FACS table memory at [mem 0x3ffe0000-0x3ffe003f]
client1 # [    0.003108] ACPI: Reserving APIC table memory at [mem 0x3ffe2301-0x3ffe2378]
client1 # [    0.003108] ACPI: Reserving HPET table memory at [mem 0x3ffe2379-0x3ffe23b0]
client1 # [    0.003109] ACPI: Reserving WAET table memory at [mem 0x3ffe23b1-0x3ffe23d8]
client1 # [    0.003548] No NUMA configuration found
client1 # [    0.003550] Faking a node at [mem 0x0000000000000000-0x000000003ffdafff]
client1 # [    0.003553] NODE_DATA(0) allocated [mem 0x3ffd58c0-0x3ffdadff]
client1 # [    0.003571] Zone ranges:
client1 # [    0.003572]   DMA      [mem 0x0000000000001000-0x0000000000ffffff]
client1 # [    0.003573]   DMA32    [mem 0x0000000001000000-0x000000003ffdafff]
client1 # [    0.003574]   Normal   empty
client1 # [    0.003575]   Device   empty
client1 # [    0.003576] Movable zone start for each node
client1 # [    0.003576] Early memory node ranges
client1 # [    0.003576]   node   0: [mem 0x0000000000001000-0x000000000009efff]
client1 # [    0.003577]   node   0: [mem 0x0000000000100000-0x000000003ffdafff]
client1 # [    0.003578] Initmem setup node 0 [mem 0x0000000000001000-0x000000003ffdafff]
client1 # [    0.003683] On node 0, zone DMA: 1 pages in unavailable ranges
client1 # [    0.003695] On node 0, zone DMA: 97 pages in unavailable ranges
client1 # [    0.004841] On node 0, zone DMA32: 37 pages in unavailable ranges
client1 # [    0.005782] ACPI: PM-Timer IO Port: 0x608
client1 # [    0.005795] ACPI: LAPIC_NMI (acpi_id[0xff] dfl dfl lint[0x1])
client1 # [    0.005822] IOAPIC[0]: apic_id 0, version 17, address 0xfec00000, GSI 0-23
client1 # [    0.005824] ACPI: INT_SRC_OVR (bus 0 bus_irq 0 global_irq 2 dfl dfl)
client1 # [    0.005826] ACPI: INT_SRC_OVR (bus 0 bus_irq 5 global_irq 5 high level)
client1 # [    0.005827] ACPI: INT_SRC_OVR (bus 0 bus_irq 9 global_irq 9 high level)
client1 # [    0.005827] ACPI: INT_SRC_OVR (bus 0 bus_irq 10 global_irq 10 high level)
client1 # [    0.005828] ACPI: INT_SRC_OVR (bus 0 bus_irq 11 global_irq 11 high level)
client1 # [    0.005831] ACPI: Using ACPI (MADT) for SMP configuration information
client1 # [    0.005831] ACPI: HPET id: 0x8086a201 base: 0xfed00000
client1 # [    0.005836] TSC deadline timer available
client1 # [    0.005839] CPU topo: Max. logical packages:   1
client1 # [    0.005840] CPU topo: Max. logical dies:       1
client1 # [    0.005840] CPU topo: Max. dies per package:   1
client1 # [    0.005844] CPU topo: Max. threads per core:   1
client1 # [    0.005844] CPU topo: Num. cores per package:     1
client1 # [    0.005845] CPU topo: Num. threads per package:   1
client1 # [    0.005845] CPU topo: Allowing 1 present CPUs plus 0 hotplug CPUs
client1 # [    0.005863] kvm-guest: APIC: eoi() replaced with kvm_guest_apic_eoi_write()
client1 # [    0.005886] PM: hibernation: Registered nosave memory: [mem 0x00000000-0x00000fff]
client1 # [    0.005887] PM: hibernation: Registered nosave memory: [mem 0x0009f000-0x000fffff]
client1 # [    0.005889] [mem 0x40000000-0xfeffbfff] available for PCI devices
client1 # [    0.005890] Booting paravirtualized kernel on KVM
client1 # [    0.005893] clocksource: refined-jiffies: mask: 0xffffffff max_cycles: 0xffffffff, max_idle_ns: 1910969940391419 ns
client2 # Probing EDD (edd=off to disable)... oc[    0.000000] Linux version 6.12.63 (nixbld@localhost) (gcc (GCC) 15.2.0, GNU ld (GNU Binutils) 2.44) #1-NixOS SMP PREEMPT_DYNAMIC Thu Dec 18 12:55:23 UTC 2025
client1 # [    0.009930] setup_percpu: NR_CPUS:384 nr_cpumask_bits:1 nr_cpu_ids:1 nr_node_ids:1
client1 # [    0.010131] percpu: Embedded 116 pages/cpu s294912 r65536 d114688 u2097152
client1 # [    0.010162] kvm-guest: PV spinlocks disabled, single CPU
client2 # [    0.000000] Command line: console=ttyS0 console=tty0 panic=1 boot.panic_on_fail clocksource=acpi_pm loglevel=7 net.ifnames=0 lsm=landlock,yama,bpf init=/nix/store/86lbqs4g902h2ic06mzkvcq3kfzmznpw-nixos-system-client2-test/init regInfo=/nix/store/srpc6mgk24lblvnhs8zzyka092mm2vrg-closure-info/registration console=ttyS0,115200n8 console=tty0
client2 # [    0.000000] BIOS-provided physical RAM map:
client2 # [    0.000000] BIOS-e820: [mem 0x0000000000000000-0x000000000009fbff] usable
client1 # [    0.010164] Kernel command line: console=ttyS0 console=tty0 panic=1 boot.panic_on_fail clocksource=acpi_pm loglevel=7 net.ifnames=0 lsm=landlock,yama,bpf init=/nix/store/6l8gagglb2saj44lbbnrr1g2jcc59mvk-nixos-system-client1-test/init regInfo=/nix/store/p59l38wqplkvjk3y746klkd892n0wj5r-closure-info/registration console=ttyS0,115200n8 console=tty0
client2 # [    0.000000] BIOS-e820: [mem 0x000000000009fc00-0x000000000009ffff] reserved
client2 # [    0.000000] BIOS-e820: [mem 0x00000000000f0000-0x00000000000fffff] reserved
client1 # [    0.010248] Unknown kernel command line parameters "regInfo=/nix/store/p59l38wqplkvjk3y746klkd892n0wj5r-closure-info/registration", will be passed to user space.
client2 # [    0.000000] BIOS-e820: [mem 0x0000000000100000-0x000000003ffdafff] usable
client1 # [    0.010445] random: crng init done
client2 # [    0.000000] BIOS-e820: [mem 0x000000003ffdb000-0x000000003fffffff] reserved
client1 # [    0.010481] Dentry cache hash table entries: 131072 (order: 8, 1048576 bytes, linear)
client2 # [    0.000000] BIOS-e820: [mem 0x00000000feffc000-0x00000000feffffff] reserved
client1 # [    0.010505] Inode-cache hash table entries: 65536 (order: 7, 524288 bytes, linear)
client1 # [    0.010525] Fallback order for Node 0: 0
client2 # [    0.000000] BIOS-e820: [mem 0x00000000fffc0000-0x00000000ffffffff] reserved
client1 # [    0.010527] Built 1 zonelists, mobility grouping on.  Total pages: 262009
client2 # [    0.000000] BIOS-e820: [mem 0x000000fd00000000-0x000000ffffffffff] reserved
client1 # [    0.010528] Policy zone: DMA32
client2 # [    0.000000] NX (Execute Disable) protection: active
client1 # [    0.010680] mem auto-init: stack:all(zero), heap alloc:on, heap free:off
client2 # [    0.000000] APIC: Static calls initialized
client2 # [    0.000000] SMBIOS 2.8 present.
client1 # [    0.012955] SLUB: HWalign=64, Order=0-3, MinObjects=0, CPUs=1, Nodes=1
client1 # [    0.013110] allocated 2097152 bytes of page_ext
client2 # [    0.000000] DMI: QEMU Standard PC (i440FX + PIIX, 1996), BIOS rel-1.17.0-0-gb52ca86e094d-prebuilt.qemu.org 04/01/2014
client1 # [    0.013127] ftrace: allocating 46206 entries in 181 pages
client2 # [    0.000000] DMI: Memory slots populated: 1/1
client1 # [    0.022119] ftrace: allocated 181 pages with 5 groups
client2 # [    0.000000] Hypervisor detected: KVM
client1 # [    0.022946] Dynamic Preempt: voluntary
client2 # [    0.000000] last_pfn = 0x3ffdb max_arch_pfn = 0x400000000
client1 # [    0.023173] rcu: Preemptible hierarchical RCU implementation.
client2 # [    0.000000] kvm-clock: Using msrs 4b564d01 and 4b564d00
client1 # [    0.023174] rcu: 	RCU event tracing is enabled.
client2 # [    0.000000] kvm-clock: using sched offset of 338500229 cycles
client1 # [    0.023175] rcu: 	RCU restricting CPUs from NR_CPUS=384 to nr_cpu_ids=1.
client1 # [    0.023176] 	Trampoline variant of Tasks RCU enabled.
client2 # [    0.000002] clocksource: kvm-clock: mask: 0xffffffffffffffff max_cycles: 0x1cd42e4dffb, max_idle_ns: 881590591483 ns
client1 # [    0.023177] 	Rude variant of Tasks RCU enabled.
client2 # [    0.000005] tsc: Detected 3792.856 MHz processor
client1 # [    0.023177] 	Tracing variant of Tasks RCU enabled.
client2 # [    0.000812] last_pfn = 0x3ffdb max_arch_pfn = 0x400000000
client1 # [    0.023178] rcu: RCU calculated value of scheduler-enlistment delay is 100 jiffies.
client2 # [    0.000849] MTRR map: 4 entries (3 fixed + 1 variable; max 19), built from 8 variable MTRRs
client1 # [    0.023179] rcu: Adjusting geometry for rcu_fanout_leaf=16, nr_cpu_ids=1
client2 # [    0.000851] x86/PAT: Configuration [0-7]: WB  WC  UC- UC  WB  WP  UC- WT
client2 # [    0.003034] found SMP MP-table at [mem 0x000f5470-0x000f547f]
client1 # [    0.023188] RCU Tasks: Setting shift to 0 and lim to 1 rcu_task_cb_adjust=1 rcu_task_cpu_ids=1.
client2 # [    0.003049] Using GB pages for direct mapping
client2 # [    0.003117] RAMDISK: [mem 0x3f3c3000-0x3ffcffff]
client1 # [    0.023191] RCU Tasks Rude: Setting shift to 0 and lim to 1 rcu_task_cb_adjust=1 rcu_task_cpu_ids=1.
client2 # [    0.003133] ACPI: Early table checksum verification disabled
client1 # [    0.023193] RCU Tasks Trace: Setting shift to 0 and lim to 1 rcu_task_cb_adjust=1 rcu_task_cpu_ids=1.
client2 # [    0.003137] ACPI: RSDP 0x00000000000F5290 000014 (v00 BOCHS )
client1 # [    0.026862] NR_IRQS: 24832, nr_irqs: 256, preallocated irqs: 16
client2 # [    0.003140] ACPI: RSDT 0x000000003FFE23D9 000034 (v01 BOCHS  BXPC     00000001 BXPC 00000001)
client1 # [    0.027070] rcu: srcu_init: Setting srcu_struct sizes based on contention.
client2 # [    0.003145] ACPI: FACP 0x000000003FFE228D 000074 (v01 BOCHS  BXPC     00000001 BXPC 00000001)
client1 # [    0.027240] kfence: initialized - using 2097152 bytes for 255 objects at 0x(____ptrval____)-0x(____ptrval____)
client1 # [    0.034020] Console: colour VGA+ 80x25
client2 # [    0.003149] ACPI: DSDT 0x000000003FFE0040 00224D (v01 BOCHS  BXPC     00000001 BXPC 00000001)
client1 # [    0.034024] printk: legacy console [tty0] enabled
client2 # [    0.003151] ACPI: FACS 0x000000003FFE0000 000040
client1 # [    0.071940] printk: legacy console [ttyS0] enabled
client2 # [    0.003152] ACPI: APIC 0x000000003FFE2301 000078 (v03 BOCHS  BXPC     00000001 BXPC 00000001)
client1 # [    0.241958] ACPI: Core revision 20240827
client2 # [    0.003154] ACPI: HPET 0x000000003FFE2379 000038 (v01 BOCHS  BXPC     00000001 BXPC 00000001)
client1 # [    0.243323] clocksource: hpet: mask: 0xffffffff max_cycles: 0xffffffff, max_idle_ns: 19112604467 ns
client2 # [    0.003156] ACPI: WAET 0x000000003FFE23B1 000028 (v01 BOCHS  BXPC     00000001 BXPC 00000001)
client1 # [    0.245889] APIC: Switch to symmetric I/O mode setup
client2 # [    0.003157] ACPI: Reserving FACP table memory at [mem 0x3ffe228d-0x3ffe2300]
client1 # [    0.247461] x2apic enabled
client2 # [    0.003158] ACPI: Reserving DSDT table memory at [mem 0x3ffe0040-0x3ffe228c]
client1 # [    0.248594] APIC: Switched APIC routing to: physical x2apic
client2 # [    0.003159] ACPI: Reserving FACS table memory at [mem 0x3ffe0000-0x3ffe003f]
client2 # [    0.003159] ACPI: Reserving APIC table memory at [mem 0x3ffe2301-0x3ffe2378]
client1 # [    0.251180] ..TIMER: vector=0x30 apic1=0 pin1=2 apic2=-1 pin2=-1
client2 # [    0.003160] ACPI: Reserving HPET table memory at [mem 0x3ffe2379-0x3ffe23b0]
client2 # [    0.003160] ACPI: Reserving WAET table memory at [mem 0x3ffe23b1-0x3ffe23d8]
client1 # [    0.252836] clocksource: tsc-early: mask: 0xffffffffffffffff max_cycles: 0x6d57f88b65f, max_idle_ns: 881590775461 ns
client2 # [    0.003606] No NUMA configuration found
client2 # [    0.003608] Faking a node at [mem 0x0000000000000000-0x000000003ffdafff]
client1 # [    0.255644] Calibrating delay loop (skipped) preset value.. 7585.71 BogoMIPS (lpj=3792856)
client2 # [    0.003611] NODE_DATA(0) allocated [mem 0x3ffd58c0-0x3ffdadff]
client2 # [    0.003628] Zone ranges:
client1 # [    0.257744] x86/cpu: User Mode Instruction Prevention (UMIP) activated
client2 # [    0.003629]   DMA      [mem 0x0000000000001000-0x0000000000ffffff]
client1 # [    0.258732] Last level iTLB entries: 4KB 512, 2MB 255, 4MB 127
client2 # [    0.003630]   DMA32    [mem 0x0000000001000000-0x000000003ffdafff]
client2 # [    0.003631]   Normal   empty
client1 # [    0.260643] Last level dTLB entries: 4KB 512, 2MB 255, 4MB 127, 1GB 0
client2 # [    0.003632]   Device   empty
client2 # [    0.003632] Movable zone start for each node
client2 # [    0.003633] Early memory node ranges
client1 # [    0.261647] Spectre V1 : Mitigation: usercopy/swapgs barriers and __user pointer sanitization
client2 # [    0.003633]   node   0: [mem 0x0000000000001000-0x000000000009efff]
client1 # [    0.262648] Spectre V2 : Mitigation: Enhanced / Automatic IBRS
client2 # [    0.003634]   node   0: [mem 0x0000000000100000-0x000000003ffdafff]
client2 # [    0.003635] Initmem setup node 0 [mem 0x0000000000001000-0x000000003ffdafff]
client1 # [    0.263645] Spectre V2 : mitigation: Enabling conditional Indirect Branch Prediction Barrier
client2 # [    0.003733] On node 0, zone DMA: 1 pages in unavailable ranges
client1 # [    0.264644] Speculative Store Bypass: Mitigation: Speculative Store Bypass disabled via prctl
client2 # [    0.003745] On node 0, zone DMA: 97 pages in unavailable ranges
client2 # [    0.004937] On node 0, zone DMA32: 37 pages in unavailable ranges
client1 # [    0.266644] active return thunk: srso_alias_return_thunk
client2 # [    0.005888] ACPI: PM-Timer IO Port: 0x608
client1 # [    0.268644] Speculative Return Stack Overflow: Mitigation: Safe RET
client2 # [    0.005902] ACPI: LAPIC_NMI (acpi_id[0xff] dfl dfl lint[0x1])
client2 # [    0.005929] IOAPIC[0]: apic_id 0, version 17, address 0xfec00000, GSI 0-23
client1 # [    0.269643] Transient Scheduler Attacks: Forcing mitigation on in a VM
client2 # [    0.005931] ACPI: INT_SRC_OVR (bus 0 bus_irq 0 global_irq 2 dfl dfl)
client1 # [    0.270643] Transient Scheduler Attacks: Vulnerable: Clear CPU buffers attempted, no microcode
client2 # [    0.005933] ACPI: INT_SRC_OVR (bus 0 bus_irq 5 global_irq 5 high level)
client2 # [    0.005934] ACPI: INT_SRC_OVR (bus 0 bus_irq 9 global_irq 9 high level)
client1 # [    0.272667] x86/fpu: Supporting XSAVE feature 0x001: 'x87 floating point registers'
client2 # [    0.005935] ACPI: INT_SRC_OVR (bus 0 bus_irq 10 global_irq 10 high level)
client1 # [    0.273643] x86/fpu: Supporting XSAVE feature 0x002: 'SSE registers'
client2 # [    0.005936] ACPI: INT_SRC_OVR (bus 0 bus_irq 11 global_irq 11 high level)
client1 # [    0.274643] x86/fpu: Supporting XSAVE feature 0x004: 'AVX registers'
client2 # [    0.005938] ACPI: Using ACPI (MADT) for SMP configuration information
client2 # [    0.005939] ACPI: HPET id: 0x8086a201 base: 0xfed00000
client1 # [    0.275643] x86/fpu: Supporting XSAVE feature 0x020: 'AVX-512 opmask'
client2 # [    0.005944] TSC deadline timer available
client2 # [    0.005948] CPU topo: Max. logical packages:   1
client2 # [    0.005948] CPU topo: Max. logical dies:       1
client2 # [    0.005949] CPU topo: Max. dies per package:   1
client2 # [    0.005952] CPU topo: Max. threads per core:   1
client2 # [    0.005953] CPU topo: Num. cores per package:     1
client1 # [    0.277650] x86/fpu: Supporting XSAVE feature 0x040: 'AVX-512 Hi256'
client2 # [    0.005953] CPU topo: Num. threads per package:   1
client2 # [    0.005953] CPU topo: Allowing 1 present CPUs plus 0 hotplug CPUs
client1 # [    0.279643] x86/fpu: Supporting XSAVE feature 0x080: 'AVX-512 ZMM_Hi256'
client2 # [    0.005971] kvm-guest: APIC: eoi() replaced with kvm_guest_apic_eoi_write()
client1 # [    0.280643] x86/fpu: Supporting XSAVE feature 0x200: 'Protection Keys User registers'
server # Probing EDD (edd=off to disable)... oc[    0.000000] Linux version 6.12.63 (nixbld@localhost) (gcc (GCC) 15.2.0, GNU ld (GNU Binutils) 2.44) #1-NixOS SMP PREEMPT_DYNAMIC Thu Dec 18 12:55:23 UTC 2025
client2 # [    0.005994] PM: hibernation: Registered nosave memory: [mem 0x00000000-0x00000fff]
client1 # [    0.282644] x86/fpu: xstate_offset[2]:  576, xstate_sizes[2]:  256
client2 # [    0.005996] PM: hibernation: Registered nosave memory: [mem 0x0009f000-0x000fffff]
client1 # [    0.283643] x86/fpu: xstate_offset[5]:  832, xstate_sizes[5]:   64
client2 # [    0.005997] [mem 0x40000000-0xfeffbfff] available for PCI devices
client2 # [    0.005999] Booting paravirtualized kernel on KVM
client1 # [    0.285643] x86/fpu: xstate_offset[6]:  896, xstate_sizes[6]:  512
client1 # [    0.286643] x86/fpu: xstate_offset[7]: 1408, xstate_sizes[7]: 1024
client2 # [    0.006001] clocksource: refined-jiffies: mask: 0xffffffff max_cycles: 0xffffffff, max_idle_ns: 1910969940391419 ns
server # [    0.000000] Command line: console=ttyS0 console=tty0 panic=1 boot.panic_on_fail clocksource=acpi_pm loglevel=7 net.ifnames=0 lsm=landlock,yama,bpf init=/nix/store/wpjj1xzk5l4h454cscx1dqb19mjmpg01-nixos-system-server-test/init regInfo=/nix/store/fky5a0c9cgaq409ph0il8i7x5sciypwb-closure-info/registration console=ttyS0,115200n8 console=tty0
server # [    0.000000] BIOS-provided physical RAM map:
client2 # [    0.010067] setup_percpu: NR_CPUS:384 nr_cpumask_bits:1 nr_cpu_ids:1 nr_node_ids:1
client1 # [    0.287643] x86/fpu: xstate_offset[9]: 2432, xstate_sizes[9]:    8
server # [    0.000000] BIOS-e820: [mem 0x0000000000000000-0x000000000009fbff] usable
client2 # [    0.010275] percpu: Embedded 116 pages/cpu s294912 r65536 d114688 u2097152
client1 # [    0.289643] x86/fpu: Enabled xstate features 0x2e7, context size is 2440 bytes, using 'compacted' format.
client2 # [    0.010316] kvm-guest: PV spinlocks disabled, single CPU
server # [    0.000000] BIOS-e820: [mem 0x000000000009fc00-0x000000000009ffff] reserved
server # [    0.000000] BIOS-e820: [mem 0x00000000000f0000-0x00000000000fffff] reserved
server # [    0.000000] BIOS-e820: [mem 0x0000000000100000-0x000000003ffdafff] usable
server # [    0.000000] BIOS-e820: [mem 0x000000003ffdb000-0x000000003fffffff] reserved
client2 # [    0.010318] Kernel command line: console=ttyS0 console=tty0 panic=1 boot.panic_on_fail clocksource=acpi_pm loglevel=7 net.ifnames=0 lsm=landlock,yama,bpf init=/nix/store/86lbqs4g902h2ic06mzkvcq3kfzmznpw-nixos-system-client2-test/init regInfo=/nix/store/srpc6mgk24lblvnhs8zzyka092mm2vrg-closure-info/registration console=ttyS0,115200n8 console=tty0
server # [    0.000000] BIOS-e820: [mem 0x00000000feffc000-0x00000000feffffff] reserved
server # [    0.000000] BIOS-e820: [mem 0x00000000fffc0000-0x00000000ffffffff] reserved
client2 # [    0.010401] Unknown kernel command line parameters "regInfo=/nix/store/srpc6mgk24lblvnhs8zzyka092mm2vrg-closure-info/registration", will be passed to user space.
server # [    0.000000] BIOS-e820: [mem 0x000000fd00000000-0x000000ffffffffff] reserved
client2 # [    0.010597] random: crng init done
server # [    0.000000] NX (Execute Disable) protection: active
server # [    0.000000] APIC: Static calls initialized
client2 # [    0.010630] Dentry cache hash table entries: 131072 (order: 8, 1048576 bytes, linear)
server # [    0.000000] SMBIOS 2.8 present.
client2 # [    0.010651] Inode-cache hash table entries: 65536 (order: 7, 524288 bytes, linear)
client2 # [    0.010673] Fallback order for Node 0: 0
server # [    0.000000] DMI: QEMU Standard PC (i440FX + PIIX, 1996), BIOS rel-1.17.0-0-gb52ca86e094d-prebuilt.qemu.org 04/01/2014
server # [    0.000000] DMI: Memory slots populated: 1/1
client2 # [    0.010676] Built 1 zonelists, mobility grouping on.  Total pages: 262009
server # [    0.000000] Hypervisor detected: KVM
client2 # [    0.010676] Policy zone: DMA32
server # [    0.000000] last_pfn = 0x3ffdb max_arch_pfn = 0x400000000
client2 # [    0.010809] mem auto-init: stack:all(zero), heap alloc:on, heap free:off
server # [    0.000000] kvm-clock: Using msrs 4b564d01 and 4b564d00
client2 # [    0.013224] SLUB: HWalign=64, Order=0-3, MinObjects=0, CPUs=1, Nodes=1
client2 # [    0.013400] allocated 2097152 bytes of page_ext
server # [    0.000000] kvm-clock: using sched offset of 336506652 cycles
client2 # [    0.013417] ftrace: allocating 46206 entries in 181 pages
client2 # [    0.023230] ftrace: allocated 181 pages with 5 groups
server # [    0.000001] clocksource: kvm-clock: mask: 0xffffffffffffffff max_cycles: 0x1cd42e4dffb, max_idle_ns: 881590591483 ns
client2 # [    0.024027] Dynamic Preempt: voluntary
server # [    0.000004] tsc: Detected 3792.856 MHz processor
client2 # [    0.024173] rcu: Preemptible hierarchical RCU implementation.
server # [    0.000797] last_pfn = 0x3ffdb max_arch_pfn = 0x400000000
client2 # [    0.024174] rcu: 	RCU event tracing is enabled.
server # [    0.000833] MTRR map: 4 entries (3 fixed + 1 variable; max 19), built from 8 variable MTRRs
client2 # [    0.024175] rcu: 	RCU restricting CPUs from NR_CPUS=384 to nr_cpu_ids=1.
client2 # [    0.024176] 	Trampoline variant of Tasks RCU enabled.
server # [    0.000836] x86/PAT: Configuration [0-7]: WB  WC  UC- UC  WB  WP  UC- WT
client2 # [    0.024177] 	Rude variant of Tasks RCU enabled.
server # [    0.003019] found SMP MP-table at [mem 0x000f5470-0x000f547f]
client1 # [    0.320751] Freeing SMP alternatives memory: 40K
client2 # [    0.024177] 	Tracing variant of Tasks RCU enabled.
server # [    0.003034] Using GB pages for direct mapping
client1 # [    0.321645] pid_max: default: 32768 minimum: 301
server # [    0.003169] RAMDISK: [mem 0x3f3c2000-0x3ffcffff]
client2 # [    0.024178] rcu: RCU calculated value of scheduler-enlistment delay is 100 jiffies.
client1 # [    0.322707] LSM: initializing lsm=capability,landlock,yama,bpf
server # [    0.003175] ACPI: Early table checksum verification disabled
client2 # [    0.024178] rcu: Adjusting geometry for rcu_fanout_leaf=16, nr_cpu_ids=1
client1 # [    0.324728] landlock: Up and running.
server # [    0.003178] ACPI: RSDP 0x00000000000F5290 000014 (v00 BOCHS )
client1 # [    0.325644] Yama: becoming mindful.
client2 # [    0.024186] RCU Tasks: Setting shift to 0 and lim to 1 rcu_task_cb_adjust=1 rcu_task_cpu_ids=1.
server # [    0.003181] ACPI: RSDT 0x000000003FFE23D9 000034 (v01 BOCHS  BXPC     00000001 BXPC 00000001)
client1 # [    0.326857] LSM support for eBPF active
client2 # [    0.024187] RCU Tasks Rude: Setting shift to 0 and lim to 1 rcu_task_cb_adjust=1 rcu_task_cpu_ids=1.
server # [    0.003185] ACPI: FACP 0x000000003FFE228D 000074 (v01 BOCHS  BXPC     00000001 BXPC 00000001)
client1 # [    0.328503] Mount-cache hash table entries: 2048 (order: 2, 16384 bytes, linear)
client2 # [    0.024188] RCU Tasks Trace: Setting shift to 0 and lim to 1 rcu_task_cb_adjust=1 rcu_task_cpu_ids=1.
server # [    0.003189] ACPI: DSDT 0x000000003FFE0040 00224D (v01 BOCHS  BXPC     00000001 BXPC 00000001)
client2 # [    0.027685] NR_IRQS: 24832, nr_irqs: 256, preallocated irqs: 16
client1 # [    0.329645] Mountpoint-cache hash table entries: 2048 (order: 2, 16384 bytes, linear)
server # [    0.003192] ACPI: FACS 0x000000003FFE0000 000040
client2 # [    0.027894] rcu: srcu_init: Setting srcu_struct sizes based on contention.
server # [    0.003193] ACPI: APIC 0x000000003FFE2301 000078 (v03 BOCHS  BXPC     00000001 BXPC 00000001)
client1 # [    0.330998] smpboot: CPU0: AMD Ryzen 7 8845HS w/ Radeon 780M Graphics (family: 0x19, model: 0x75, stepping: 0x2)
client2 # [    0.028060] kfence: initialized - using 2097152 bytes for 255 objects at 0x(____ptrval____)-0x(____ptrval____)
server # [    0.003195] ACPI: HPET 0x000000003FFE2379 000038 (v01 BOCHS  BXPC     00000001 BXPC 00000001)
client2 # [    0.034880] Console: colour VGA+ 80x25
client1 # [    0.331902] Performance Events: Fam17h+ core perfctr, AMD PMU driver.
client2 # [    0.034885] printk: legacy console [tty0] enabled
server # [    0.003196] ACPI: WAET 0x000000003FFE23B1 000028 (v01 BOCHS  BXPC     00000001 BXPC 00000001)
client2 # [    0.074570] printk: legacy console [ttyS0] enabled
client1 # [    0.332648] ... version:                2
client2 # [    0.243726] ACPI: Core revision 20240827
server # [    0.003198] ACPI: Reserving FACP table memory at [mem 0x3ffe228d-0x3ffe2300]
client1 # [    0.333646] ... bit width:              48
client1 # [    0.334646] ... generic registers:      6
server # [    0.003199] ACPI: Reserving DSDT table memory at [mem 0x3ffe0040-0x3ffe228c]
client2 # [    0.245061] clocksource: hpet: mask: 0xffffffff max_cycles: 0xffffffff, max_idle_ns: 19112604467 ns
client1 # [    0.335645] ... value mask:             0000ffffffffffff
server # [    0.003200] ACPI: Reserving FACS table memory at [mem 0x3ffe0000-0x3ffe003f]
client2 # [    0.247656] APIC: Switch to symmetric I/O mode setup
client1 # [    0.336646] ... max period:             00007fffffffffff
server # [    0.003200] ACPI: Reserving APIC table memory at [mem 0x3ffe2301-0x3ffe2378]
client2 # [    0.249234] x2apic enabled
client1 # [    0.337654] ... fixed-purpose events:   0
server # [    0.003201] ACPI: Reserving HPET table memory at [mem 0x3ffe2379-0x3ffe23b0]
client1 # [    0.338645] ... event mask:             000000000000003f
client2 # [    0.250356] APIC: Switched APIC routing to: physical x2apic
client1 # [    0.339723] signal: max sigframe size: 3376
server # [    0.003201] ACPI: Reserving WAET table memory at [mem 0x3ffe23b1-0x3ffe23d8]
server # [    0.003659] No NUMA configuration found
client1 # [    0.340679] rcu: Hierarchical SRCU implementation.
client2 # [    0.252938] ..TIMER: vector=0x30 apic1=0 pin1=2 apic2=-1 pin2=-1
server # [    0.003660] Faking a node at [mem 0x0000000000000000-0x000000003ffdafff]
client1 # [    0.341646] rcu: 	Max phase no-delay instances is 400.
server # [    0.003663] NODE_DATA(0) allocated [mem 0x3ffd58c0-0x3ffdadff]
server # [    0.003681] Zone ranges:
client2 # [    0.254585] clocksource: tsc-early: mask: 0xffffffffffffffff max_cycles: 0x6d57f88b65f, max_idle_ns: 881590775461 ns
server # [    0.003682]   DMA      [mem 0x0000000000001000-0x0000000000ffffff]
client2 # [    0.257387] Calibrating delay loop (skipped) preset value.. 7585.71 BogoMIPS (lpj=3792856)
server # [    0.003683]   DMA32    [mem 0x0000000001000000-0x000000003ffdafff]
client1 # [    0.345811] smp: Bringing up secondary CPUs ...
server # [    0.003684]   Normal   empty
server # [    0.003685]   Device   empty
client2 # [    0.260482] x86/cpu: User Mode Instruction Prevention (UMIP) activated
client1 # [    0.346661] smp: Brought up 1 node, 1 CPU
server # [    0.003686] Movable zone start for each node
server # [    0.003686] Early memory node ranges
client2 # [    0.261477] Last level iTLB entries: 4KB 512, 2MB 255, 4MB 127
client1 # [    0.347648] smpboot: Total of 1 processors activated (7585.71 BogoMIPS)
server # [    0.003686]   node   0: [mem 0x0000000000001000-0x000000000009efff]
client2 # [    0.263386] Last level dTLB entries: 4KB 512, 2MB 255, 4MB 127, 1GB 0
server # [    0.003687]   node   0: [mem 0x0000000000100000-0x000000003ffdafff]
client1 # [    0.348827] Memory: 962068K/1048036K available (16384K kernel code, 2646K rwdata, 12560K rodata, 3416K init, 3604K bss, 78884K reserved, 0K cma-reserved)
server # [    0.003689] Initmem setup node 0 [mem 0x0000000000001000-0x000000003ffdafff]
client2 # [    0.264389] Spectre V1 : Mitigation: usercopy/swapgs barriers and __user pointer sanitization
client1 # [    0.349782] devtmpfs: initialized
server # [    0.003797] On node 0, zone DMA: 1 pages in unavailable ranges
client2 # [    0.265391] Spectre V2 : Mitigation: Enhanced / Automatic IBRS
client1 # [    0.350705] x86/mm: Memory block size: 128MB
server # [    0.003812] On node 0, zone DMA: 97 pages in unavailable ranges
server # [    0.005016] On node 0, zone DMA32: 37 pages in unavailable ranges
client2 # [    0.266387] Spectre V2 : mitigation: Enabling conditional Indirect Branch Prediction Barrier
server # [    0.005958] ACPI: PM-Timer IO Port: 0x608
client1 # [    0.352133] clocksource: jiffies: mask: 0xffffffff max_cycles: 0xffffffff, max_idle_ns: 1911260446275000 ns
server # [    0.005971] ACPI: LAPIC_NMI (acpi_id[0xff] dfl dfl lint[0x1])
client2 # [    0.267386] Speculative Store Bypass: Mitigation: Speculative Store Bypass disabled via prctl
client1 # [    0.352652] futex hash table entries: 256 (order: 2, 16384 bytes, linear)
server # [    0.006001] IOAPIC[0]: apic_id 0, version 17, address 0xfec00000, GSI 0-23
client2 # [    0.268386] active return thunk: srso_alias_return_thunk
client1 # [    0.353709] pinctrl core: initialized pinctrl subsystem
server # [    0.006003] ACPI: INT_SRC_OVR (bus 0 bus_irq 0 global_irq 2 dfl dfl)
client2 # [    0.270386] Speculative Return Stack Overflow: Mitigation: Safe RET
client1 # [    0.354852] PM: RTC time: 00:28:38, date: 2026-01-11
server # [    0.006005] ACPI: INT_SRC_OVR (bus 0 bus_irq 5 global_irq 5 high level)
client2 # [    0.271386] Transient Scheduler Attacks: Forcing mitigation on in a VM
server # [    0.006006] ACPI: INT_SRC_OVR (bus 0 bus_irq 9 global_irq 9 high level)
client1 # [    0.356071] NET: Registered PF_NETLINK/PF_ROUTE protocol family
server # [    0.006007] ACPI: INT_SRC_OVR (bus 0 bus_irq 10 global_irq 10 high level)
client2 # [    0.272386] Transient Scheduler Attacks: Vulnerable: Clear CPU buffers attempted, no microcode
client1 # [    0.356805] DMA: preallocated 128 KiB GFP_KERNEL pool for atomic allocations
server # [    0.006008] ACPI: INT_SRC_OVR (bus 0 bus_irq 11 global_irq 11 high level)
client2 # [    0.274412] x86/fpu: Supporting XSAVE feature 0x001: 'x87 floating point registers'
server # [    0.006010] ACPI: Using ACPI (MADT) for SMP configuration information
client1 # [    0.357653] DMA: preallocated 128 KiB GFP_KERNEL|GFP_DMA pool for atomic allocations
client2 # [    0.275385] x86/fpu: Supporting XSAVE feature 0x002: 'SSE registers'
server # [    0.006011] ACPI: HPET id: 0x8086a201 base: 0xfed00000
server # [    0.006016] TSC deadline timer available
client1 # [    0.358722] DMA: preallocated 128 KiB GFP_KERNEL|GFP_DMA32 pool for atomic allocations
client2 # [    0.277384] x86/fpu: Supporting XSAVE feature 0x004: 'AVX registers'
server # [    0.006028] CPU topo: Max. logical packages:   1
client1 # [    0.359655] audit: initializing netlink subsys (disabled)
server # [    0.006029] CPU topo: Max. logical dies:       1
client2 # [    0.278385] x86/fpu: Supporting XSAVE feature 0x020: 'AVX-512 opmask'
server # [    0.006029] CPU topo: Max. dies per package:   1
server # [    0.006035] CPU topo: Max. threads per core:   1
client1 # [    0.360687] audit: type=2000 audit(1768091318.724:1): state=initialized audit_enabled=0 res=1
server # [    0.006035] CPU topo: Num. cores per package:     1
client1 # [    0.361767] thermal_sys: Registered thermal governor 'bang_bang'
server # [    0.006036] CPU topo: Num. threads per package:   1
server # [    0.006036] CPU topo: Allowing 1 present CPUs plus 0 hotplug CPUs
client1 # [    0.361769] thermal_sys: Registered thermal governor 'step_wise'
client2 # [    0.280385] x86/fpu: Supporting XSAVE feature 0x040: 'AVX-512 Hi256'
server # [    0.006053] kvm-guest: APIC: eoi() replaced with kvm_guest_apic_eoi_write()
client1 # [    0.362649] thermal_sys: Registered thermal governor 'user_space'
client1 # [    0.363658] cpuidle: using governor menu
server # [    0.006078] PM: hibernation: Registered nosave memory: [mem 0x00000000-0x00000fff]
client2 # [    0.283385] x86/fpu: Supporting XSAVE feature 0x080: 'AVX-512 ZMM_Hi256'
server # [    0.006079] PM: hibernation: Registered nosave memory: [mem 0x0009f000-0x000fffff]
client2 # [    0.284385] x86/fpu: Supporting XSAVE feature 0x200: 'Protection Keys User registers'
client1 # [    0.366735] acpiphp: ACPI Hot Plug PCI Controller Driver version: 0.5
server # [    0.006081] [mem 0x40000000-0xfeffbfff] available for PCI devices
client2 # [    0.286386] x86/fpu: xstate_offset[2]:  576, xstate_sizes[2]:  256
server # [    0.006082] Booting paravirtualized kernel on KVM
client1 # [    0.367825] PCI: Using configuration type 1 for base access
client2 # [    0.288385] x86/fpu: xstate_offset[5]:  832, xstate_sizes[5]:   64
client1 # [    0.368645] PCI: Using configuration type 1 for extended access
server # [    0.006084] clocksource: refined-jiffies: mask: 0xffffffff max_cycles: 0xffffffff, max_idle_ns: 1910969940391419 ns
client2 # [    0.289385] x86/fpu: xstate_offset[6]:  896, xstate_sizes[6]:  512
server # [    0.011523] setup_percpu: NR_CPUS:384 nr_cpumask_bits:1 nr_cpu_ids:1 nr_node_ids:1
client1 # [    0.369795] kprobes: kprobe jump-optimization is enabled. All kprobes are optimized if possible.
client2 # [    0.290386] x86/fpu: xstate_offset[7]: 1408, xstate_sizes[7]: 1024
server # [    0.011753] percpu: Embedded 116 pages/cpu s294912 r65536 d114688 u2097152
server # [    0.011788] kvm-guest: PV spinlocks disabled, single CPU
client2 # [    0.292386] x86/fpu: xstate_offset[9]: 2432, xstate_sizes[9]:    8
client2 # [    0.293385] x86/fpu: Enabled xstate features 0x2e7, context size is 2440 bytes, using 'compacted' format.
server # [    0.011789] Kernel command line: console=ttyS0 console=tty0 panic=1 boot.panic_on_fail clocksource=acpi_pm loglevel=7 net.ifnames=0 lsm=landlock,yama,bpf init=/nix/store/wpjj1xzk5l4h454cscx1dqb19mjmpg01-nixos-system-server-test/init regInfo=/nix/store/fky5a0c9cgaq409ph0il8i7x5sciypwb-closure-info/registration console=ttyS0,115200n8 console=tty0
server # [    0.011870] Unknown kernel command line parameters "regInfo=/nix/store/fky5a0c9cgaq409ph0il8i7x5sciypwb-closure-info/registration", will be passed to user space.
server # [    0.012070] random: crng init done
server # [    0.012208] Dentry cache hash table entries: 131072 (order: 8, 1048576 bytes, linear)
server # [    0.012290] Inode-cache hash table entries: 65536 (order: 7, 524288 bytes, linear)
server # [    0.012322] Fallback order for Node 0: 0
server # [    0.012325] Built 1 zonelists, mobility grouping on.  Total pages: 262009
server # [    0.012326] Policy zone: DMA32
server # [    0.012645] mem auto-init: stack:all(zero), heap alloc:on, heap free:off
server # [    0.014934] SLUB: HWalign=64, Order=0-3, MinObjects=0, CPUs=1, Nodes=1
server # [    0.015081] allocated 2097152 bytes of page_ext
server # [    0.015098] ftrace: allocating 46206 entries in 181 pages
server # [    0.024135] ftrace: allocated 181 pages with 5 groups
server # [    0.024832] Dynamic Preempt: voluntary
client1 # [    0.394761] HugeTLB: registered 1.00 GiB page size, pre-allocated 0 pages
server # [    0.024961] rcu: Preemptible hierarchical RCU implementation.
client1 # [    0.395645] HugeTLB: 16380 KiB vmemmap can be freed for a 1.00 GiB page
server # [    0.024962] rcu: 	RCU event tracing is enabled.
client1 # [    0.396646] HugeTLB: registered 2.00 MiB page size, pre-allocated 0 pages
server # [    0.024962] rcu: 	RCU restricting CPUs from NR_CPUS=384 to nr_cpu_ids=1.
server # [    0.024963] 	Trampoline variant of Tasks RCU enabled.
client1 # [    0.397645] HugeTLB: 28 KiB vmemmap can be freed for a 2.00 MiB page
server # [    0.024964] 	Rude variant of Tasks RCU enabled.
server # [    0.024964] 	Tracing variant of Tasks RCU enabled.
server # [    0.024965] rcu: RCU calculated value of scheduler-enlistment delay is 100 jiffies.
server # [    0.024965] rcu: Adjusting geometry for rcu_fanout_leaf=16, nr_cpu_ids=1
client2 # [    0.325328] Freeing SMP alternatives memory: 40K
client2 # [    0.326387] pid_max: default: 32768 minimum: 301
client1 # [    0.403664] ACPI: Added _OSI(Module Device)
server # [    0.024972] RCU Tasks: Setting shift to 0 and lim to 1 rcu_task_cb_adjust=1 rcu_task_cpu_ids=1.
client1 # [    0.404655] ACPI: Added _OSI(Processor Device)
client2 # [    0.327445] LSM: initializing lsm=capability,landlock,yama,bpf
server # [    0.024974] RCU Tasks Rude: Setting shift to 0 and lim to 1 rcu_task_cb_adjust=1 rcu_task_cpu_ids=1.
client1 # [    0.405647] ACPI: Added _OSI(Processor Aggregator Device)
client2 # [    0.329472] landlock: Up and running.
client2 # [    0.330386] Yama: becoming mindful.
server # [    0.024975] RCU Tasks Trace: Setting shift to 0 and lim to 1 rcu_task_cb_adjust=1 rcu_task_cpu_ids=1.
client2 # [    0.331599] LSM support for eBPF active
server # [    0.028509] NR_IRQS: 24832, nr_irqs: 256, preallocated irqs: 16
client1 # [    0.408308] ACPI: 1 ACPI AML tables successfully acquired and loaded
client2 # [    0.333255] Mount-cache hash table entries: 2048 (order: 2, 16384 bytes, linear)
server # [    0.028705] rcu: srcu_init: Setting srcu_struct sizes based on contention.
client2 # [    0.334388] Mountpoint-cache hash table entries: 2048 (order: 2, 16384 bytes, linear)
client1 # [    0.409883] ACPI: Interpreter enabled
server # [    0.028868] kfence: initialized - using 2097152 bytes for 255 objects at 0x(____ptrval____)-0x(____ptrval____)
server # [    0.035755] Console: colour VGA+ 80x25
client1 # [    0.410694] ACPI: PM: (supports S0 S3 S4 S5)
server # [    0.035758] printk: legacy console [tty0] enabled
client1 # [    0.411646] ACPI: Using IOAPIC for interrupt routing
client2 # [    0.335760] smpboot: CPU0: AMD Ryzen 7 8845HS w/ Radeon 780M Graphics (family: 0x19, model: 0x75, stepping: 0x2)
server # [    0.074461] printk: legacy console [ttyS0] enabled
server # [    0.248183] ACPI: Core revision 20240827
client2 # [    0.336633] Performance Events: Fam17h+ core perfctr, AMD PMU driver.
client1 # [    0.412664] PCI: Using host bridge windows from ACPI; if necessary, use "pci=nocrs" and report a bug
client2 # [    0.337392] ... version:                2
client1 # [    0.413646] PCI: Using E820 reservations for host bridge windows
server # [    0.249650] clocksource: hpet: mask: 0xffffffff max_cycles: 0xffffffff, max_idle_ns: 19112604467 ns
client2 # [    0.338388] ... bit width:              48
client1 # [    0.414787] ACPI: Enabled 2 GPEs in block 00 to 0F
client2 # [    0.339388] ... generic registers:      6
server # [    0.252320] APIC: Switch to symmetric I/O mode setup
client2 # [    0.340387] ... value mask:             0000ffffffffffff
server # [    0.254021] x2apic enabled
client2 # [    0.341387] ... max period:             00007fffffffffff
server # [    0.255236] APIC: Switched APIC routing to: physical x2apic
client2 # [    0.342387] ... fixed-purpose events:   0
client1 # [    0.419361] ACPI: PCI Root Bridge [PCI0] (domain 0000 [bus 00-ff])
client2 # [    0.343387] ... event mask:             000000000000003f
server # [    0.257948] ..TIMER: vector=0x30 apic1=0 pin1=2 apic2=-1 pin2=-1
client2 # [    0.344467] signal: max sigframe size: 3376
client1 # [    0.420650] acpi PNP0A03:00: _OSC: OS supports [ExtendedConfig ASPM ClockPM Segments MSI HPX-Type3]
client2 # [    0.345441] rcu: Hierarchical SRCU implementation.
server # [    0.259664] clocksource: tsc-early: mask: 0xffffffffffffffff max_cycles: 0x6d57f88b65f, max_idle_ns: 881590775461 ns
client1 # [    0.421975] acpiphp: Slot [3] registered
client2 # [    0.346388] rcu: 	Max phase no-delay instances is 400.
client1 # [    0.422676] acpiphp: Slot [4] registered
server # [    0.262474] Calibrating delay loop (skipped) preset value.. 7585.71 BogoMIPS (lpj=3792856)
client1 # [    0.423678] acpiphp: Slot [5] registered
client1 # [    0.424675] acpiphp: Slot [6] registered
server # [    0.263574] x86/cpu: User Mode Instruction Prevention (UMIP) activated
client1 # [    0.425676] acpiphp: Slot [7] registered
client2 # [    0.350577] smp: Bringing up secondary CPUs ...
server # [    0.264570] Last level iTLB entries: 4KB 512, 2MB 255, 4MB 127
client1 # [    0.426676] acpiphp: Slot [8] registered
client2 # [    0.351401] smp: Brought up 1 node, 1 CPU
client1 # [    0.427680] acpiphp: Slot [9] registered
server # [    0.265473] Last level dTLB entries: 4KB 512, 2MB 255, 4MB 127, 1GB 0
client2 # [    0.352390] smpboot: Total of 1 processors activated (7585.71 BogoMIPS)
client1 # [    0.428677] acpiphp: Slot [10] registered
client1 # [    0.429676] acpiphp: Slot [11] registered
server # [    0.266477] Spectre V1 : Mitigation: usercopy/swapgs barriers and __user pointer sanitization
client1 # [    0.430675] acpiphp: Slot [12] registered
client2 # [    0.353510] Memory: 962080K/1048036K available (16384K kernel code, 2646K rwdata, 12560K rodata, 3416K init, 3604K bss, 78876K reserved, 0K cma-reserved)
server # [    0.268477] Spectre V2 : Mitigation: Enhanced / Automatic IBRS
client1 # [    0.431681] acpiphp: Slot [13] registered
client2 # [    0.354507] devtmpfs: initialized
client1 # [    0.432681] acpiphp: Slot [14] registered
client2 # [    0.355471] x86/mm: Memory block size: 128MB
server # [    0.269475] Spectre V2 : mitigation: Enabling conditional Indirect Branch Prediction Barrier
client1 # [    0.433706] acpiphp: Slot [15] registered
client1 # [    0.434677] acpiphp: Slot [16] registered
server # [    0.271474] Speculative Store Bypass: Mitigation: Speculative Store Bypass disabled via prctl
client1 # [    0.435675] acpiphp: Slot [17] registered
client2 # [    0.356872] clocksource: jiffies: mask: 0xffffffff max_cycles: 0xffffffff, max_idle_ns: 1911260446275000 ns
server # [    0.272473] active return thunk: srso_alias_return_thunk
client1 # [    0.436675] acpiphp: Slot [18] registered
client2 # [    0.357392] futex hash table entries: 256 (order: 2, 16384 bytes, linear)
client1 # [    0.437675] acpiphp: Slot [19] registered
server # [    0.273473] Speculative Return Stack Overflow: Mitigation: Safe RET
client2 # [    0.358446] pinctrl core: initialized pinctrl subsystem
client1 # [    0.438677] acpiphp: Slot [20] registered
server # [    0.274473] Transient Scheduler Attacks: Forcing mitigation on in a VM
client1 # [    0.439681] acpiphp: Slot [21] registered
client2 # [    0.359597] PM: RTC time: 00:28:38, date: 2026-01-11
client1 # [    0.440675] acpiphp: Slot [22] registered
server # [    0.276473] Transient Scheduler Attacks: Vulnerable: Clear CPU buffers attempted, no microcode
client2 # [    0.360795] NET: Registered PF_NETLINK/PF_ROUTE protocol family
client1 # [    0.441679] acpiphp: Slot [23] registered
client1 # [    0.442678] acpiphp: Slot [24] registered
client2 # [    0.361541] DMA: preallocated 128 KiB GFP_KERNEL pool for atomic allocations
server # [    0.278497] x86/fpu: Supporting XSAVE feature 0x001: 'x87 floating point registers'
client1 # [    0.443675] acpiphp: Slot [25] registered
client1 # [    0.444675] acpiphp: Slot [26] registered
server # [    0.280473] x86/fpu: Supporting XSAVE feature 0x002: 'SSE registers'
client2 # [    0.362395] DMA: preallocated 128 KiB GFP_KERNEL|GFP_DMA pool for atomic allocations
client1 # [    0.445676] acpiphp: Slot [27] registered
server # [    0.281472] x86/fpu: Supporting XSAVE feature 0x004: 'AVX registers'
client1 # [    0.446679] acpiphp: Slot [28] registered
client2 # [    0.363474] DMA: preallocated 128 KiB GFP_KERNEL|GFP_DMA32 pool for atomic allocations
client1 # [    0.447699] acpiphp: Slot [29] registered
server # [    0.283473] x86/fpu: Supporting XSAVE feature 0x020: 'AVX-512 opmask'
client2 # [    0.364398] audit: initializing netlink subsys (disabled)
client1 # [    0.448678] acpiphp: Slot [30] registered
client1 # [    0.449678] acpiphp: Slot [31] registered
client2 # [    0.365430] audit: type=2000 audit(1768091318.840:1): state=initialized audit_enabled=0 res=1
client1 # [    0.450675] PCI host bridge to bus 0000:00
client2 # [    0.366508] thermal_sys: Registered thermal governor 'bang_bang'
client1 # [    0.451652] pci_bus 0000:00: root bus resource [io  0x0000-0x0cf7 window]
client2 # [    0.366510] thermal_sys: Registered thermal governor 'step_wise'
server # [    0.284473] x86/fpu: Supporting XSAVE feature 0x040: 'AVX-512 Hi256'
client1 # [    0.452646] pci_bus 0000:00: root bus resource [io  0x0d00-0xffff window]
client2 # [    0.367399] thermal_sys: Registered thermal governor 'user_space'
server # [    0.286472] x86/fpu: Supporting XSAVE feature 0x080: 'AVX-512 ZMM_Hi256'
client2 # [    0.368403] cpuidle: using governor menu
client1 # [    0.453646] pci_bus 0000:00: root bus resource [mem 0x000a0000-0x000bffff window]
server # [    0.288473] x86/fpu: Supporting XSAVE feature 0x200: 'Protection Keys User registers'
client1 # [    0.454646] pci_bus 0000:00: root bus resource [mem 0x40000000-0xfebfffff window]
client2 # [    0.371488] acpiphp: ACPI Hot Plug PCI Controller Driver version: 0.5
server # [    0.289473] x86/fpu: xstate_offset[2]:  576, xstate_sizes[2]:  256
client1 # [    0.455646] pci_bus 0000:00: root bus resource [mem 0x100000000-0x17fffffff window]
client2 # [    0.372562] PCI: Using configuration type 1 for base access
server # [    0.291473] x86/fpu: xstate_offset[5]:  832, xstate_sizes[5]:   64
client1 # [    0.456646] pci_bus 0000:00: root bus resource [bus 00-ff]
client2 # [    0.373400] PCI: Using configuration type 1 for extended access
server # [    0.292473] x86/fpu: xstate_offset[6]:  896, xstate_sizes[6]:  512
client1 # [    0.457940] pci 0000:00:00.0: [8086:1237] type 00 class 0x060000 conventional PCI endpoint
server # [    0.293473] x86/fpu: xstate_offset[7]: 1408, xstate_sizes[7]: 1024
client2 # [    0.374539] kprobes: kprobe jump-optimization is enabled. All kprobes are optimized if possible.
server # [    0.295473] x86/fpu: xstate_offset[9]: 2432, xstate_sizes[9]:    8
client1 # [    0.459415] pci 0000:00:01.0: [8086:7000] type 00 class 0x060100 conventional PCI endpoint
server # [    0.296473] x86/fpu: Enabled xstate features 0x2e7, context size is 2440 bytes, using 'compacted' format.
client1 # [    0.461603] pci 0000:00:01.1: [8086:7010] type 00 class 0x010180 conventional PCI endpoint
client1 # [    0.466046] pci 0000:00:01.1: BAR 4 [io  0xc1e0-0xc1ef]
client1 # [    0.468469] pci 0000:00:01.1: BAR 0 [io  0x01f0-0x01f7]: legacy IDE quirk
client1 # [    0.469646] pci 0000:00:01.1: BAR 1 [io  0x03f6]: legacy IDE quirk
client1 # [    0.470646] pci 0000:00:01.1: BAR 2 [io  0x0170-0x0177]: legacy IDE quirk
client1 # [    0.471646] pci 0000:00:01.1: BAR 3 [io  0x0376]: legacy IDE quirk
client1 # [    0.472950] pci 0000:00:01.2: [8086:7020] type 00 class 0x0c0300 conventional PCI endpoint
client2 # [    0.399582] HugeTLB: registered 1.00 GiB page size, pre-allocated 0 pages
client1 # [    0.476282] pci 0000:00:01.2: BAR 4 [io  0xc100-0xc11f]
client2 # [    0.400388] HugeTLB: 16380 KiB vmemmap can be freed for a 1.00 GiB page
client2 # [    0.401388] HugeTLB: registered 2.00 MiB page size, pre-allocated 0 pages
client2 # [    0.402388] HugeTLB: 28 KiB vmemmap can be freed for a 2.00 MiB page
client1 # [    0.478778] pci 0000:00:01.3: [8086:7113] type 00 class 0x068000 conventional PCI endpoint
server # [    0.327383] Freeing SMP alternatives memory: 40K
server # [    0.328475] pid_max: default: 32768 minimum: 301
client1 # [    0.480430] pci 0000:00:01.3: quirk: [io  0x0600-0x063f] claimed by PIIX4 ACPI
client2 # [    0.406980] ACPI: Added _OSI(Module Device)
server # [    0.329532] LSM: initializing lsm=capability,landlock,yama,bpf
client1 # [    0.481663] pci 0000:00:01.3: quirk: [io  0x0700-0x070f] claimed by PIIX4 SMB
client2 # [    0.408387] ACPI: Added _OSI(Processor Device)
server # [    0.331552] landlock: Up and running.
server # [    0.332473] Yama: becoming mindful.
client2 # [    0.409499] ACPI: Added _OSI(Processor Aggregator Device)
client1 # [    0.483051] pci 0000:00:02.0: [1234:1111] type 00 class 0x030000 conventional PCI endpoint
server # [    0.333689] LSM support for eBPF active
server # [    0.335354] Mount-cache hash table entries: 2048 (order: 2, 16384 bytes, linear)
client2 # [    0.412032] ACPI: 1 ACPI AML tables successfully acquired and loaded
client1 # [    0.485340] pci 0000:00:02.0: BAR 0 [mem 0xfd000000-0xfdffffff pref]
server # [    0.336476] Mountpoint-cache hash table entries: 2048 (order: 2, 16384 bytes, linear)
client2 # [    0.413986] ACPI: Interpreter enabled
client2 # [    0.414409] ACPI: PM: (supports S0 S3 S4 S5)
server # [    0.338578] smpboot: CPU0: AMD Ryzen 7 8845HS w/ Radeon 780M Graphics (family: 0x19, model: 0x75, stepping: 0x2)
client2 # [    0.415389] ACPI: Using IOAPIC for interrupt routing
client1 # [    0.488652] pci 0000:00:02.0: BAR 2 [mem 0xfebd0000-0xfebd0fff]
server # [    0.339740] Performance Events: Fam17h+ core perfctr, AMD PMU driver.
client2 # [    0.416412] PCI: Using host bridge windows from ACPI; if necessary, use "pci=nocrs" and report a bug
server # [    0.340479] ... version:                2
server # [    0.341475] ... bit width:              48
client2 # [    0.417389] PCI: Using E820 reservations for host bridge windows
server # [    0.342475] ... generic registers:      6
client2 # [    0.418578] ACPI: Enabled 2 GPEs in block 00 to 0F
server # [    0.343476] ... value mask:             0000ffffffffffff
server # [    0.344475] ... max period:             00007fffffffffff
server # [    0.345475] ... fixed-purpose events:   0
client1 # [    0.495136] pci 0000:00:02.0: ROM [mem 0xfebc0000-0xfebcffff pref]
server # [    0.346475] ... event mask:             000000000000003f
client2 # [    0.423147] ACPI: PCI Root Bridge [PCI0] (domain 0000 [bus 00-ff])
client1 # [    0.495734] pci 0000:00:02.0: Video device with shadowed ROM at [mem 0x000c0000-0x000dffff]
server # [    0.347563] signal: max sigframe size: 3376
client2 # [    0.424393] acpi PNP0A03:00: _OSC: OS supports [ExtendedConfig ASPM ClockPM Segments MSI HPX-Type3]
server # [    0.348614] rcu: Hierarchical SRCU implementation.
client1 # [    0.497164] pci 0000:00:03.0: [1af4:1000] type 00 class 0x020000 conventional PCI endpoint
server # [    0.349475] rcu: 	Max phase no-delay instances is 400.
client2 # [    0.425696] acpiphp: Slot [3] registered
client2 # [    0.426420] acpiphp: Slot [4] registered
client2 # [    0.427423] acpiphp: Slot [5] registered
client2 # [    0.428420] acpiphp: Slot [6] registered
client1 # [    0.499528] pci 0000:00:03.0: BAR 0 [io  0xc120-0xc13f]
client2 # [    0.429420] acpiphp: Slot [7] registered
server # [    0.354230] smp: Bringing up secondary CPUs ...
client2 # [    0.430419] acpiphp: Slot [8] registered
server # [    0.355490] smp: Brought up 1 node, 1 CPU
client1 # [    0.501646] pci 0000:00:03.0: BAR 1 [mem 0xfebd1000-0xfebd1fff]
client2 # [    0.431426] acpiphp: Slot [9] registered
server # [    0.356477] smpboot: Total of 1 processors activated (7585.71 BogoMIPS)
client2 # [    0.432418] acpiphp: Slot [10] registered
client2 # [    0.433420] acpiphp: Slot [11] registered
client2 # [    0.434421] acpiphp: Slot [12] registered
server # [    0.357621] Memory: 962068K/1048036K available (16384K kernel code, 2646K rwdata, 12560K rodata, 3416K init, 3604K bss, 78880K reserved, 0K cma-reserved)
client2 # [    0.435424] acpiphp: Slot [13] registered
server # [    0.358703] devtmpfs: initialized
client2 # [    0.436421] acpiphp: Slot [14] registered
server # [    0.359587] x86/mm: Memory block size: 128MB
client2 # [    0.437422] acpiphp: Slot [15] registered
client2 # [    0.438420] acpiphp: Slot [16] registered
client1 # [    0.506649] pci 0000:00:03.0: BAR 4 [mem 0xfe000000-0xfe003fff 64bit pref]
client2 # [    0.439419] acpiphp: Slot [17] registered
server # [    0.360997] clocksource: jiffies: mask: 0xffffffff max_cycles: 0xffffffff, max_idle_ns: 1911260446275000 ns
client2 # [    0.440418] acpiphp: Slot [18] registered
client1 # [    0.509604] pci 0000:00:03.0: ROM [mem 0xfeb40000-0xfeb7ffff pref]
client2 # [    0.441418] acpiphp: Slot [19] registered
server # [    0.361479] futex hash table entries: 256 (order: 2, 16384 bytes, linear)
client2 # [    0.442459] acpiphp: Slot [20] registered
server # [    0.362537] pinctrl core: initialized pinctrl subsystem
client2 # [    0.443418] acpiphp: Slot [21] registered
server # [    0.363677] PM: RTC time: 00:28:38, date: 2026-01-11
client2 # [    0.444417] acpiphp: Slot [22] registered
client1 # [    0.512827] pci 0000:00:04.0: [1af4:1005] type 00 class 0x00ff00 conventional PCI endpoint
client2 # [    0.445418] acpiphp: Slot [23] registered
server # [    0.364920] NET: Registered PF_NETLINK/PF_ROUTE protocol family
client2 # [    0.446427] acpiphp: Slot [24] registered
client2 # [    0.447426] acpiphp: Slot [25] registered
server # [    0.365638] DMA: preallocated 128 KiB GFP_KERNEL pool for atomic allocations
client1 # [    0.514646] pci 0000:00:04.0: BAR 0 [io  0xc140-0xc15f]
client2 # [    0.448417] acpiphp: Slot [26] registered
server # [    0.366483] DMA: preallocated 128 KiB GFP_KERNEL|GFP_DMA pool for atomic allocations
client2 # [    0.449419] acpiphp: Slot [27] registered
client1 # [    0.516628] pci 0000:00:04.0: BAR 1 [mem 0xfebd2000-0xfebd2fff]
client2 # [    0.450432] acpiphp: Slot [28] registered
server # [    0.367481] DMA: preallocated 128 KiB GFP_KERNEL|GFP_DMA32 pool for atomic allocations
client2 # [    0.451420] acpiphp: Slot [29] registered
server # [    0.368486] audit: initializing netlink subsys (disabled)
client2 # [    0.452430] acpiphp: Slot [30] registered
client2 # [    0.453431] acpiphp: Slot [31] registered
server # [    0.369537] audit: type=2000 audit(1768091318.946:1): state=initialized audit_enabled=0 res=1
client2 # [    0.454433] PCI host bridge to bus 0000:00
server # [    0.370674] thermal_sys: Registered thermal governor 'bang_bang'
client2 # [    0.455524] pci_bus 0000:00: root bus resource [io  0x0000-0x0cf7 window]
server # [    0.370676] thermal_sys: Registered thermal governor 'step_wise'
client2 # [    0.457393] pci_bus 0000:00: root bus resource [io  0x0d00-0xffff window]
client1 # [    0.520648] pci 0000:00:04.0: BAR 4 [mem 0xfe004000-0xfe007fff 64bit pref]
server # [    0.372496] thermal_sys: Registered thermal governor 'user_space'
client2 # [    0.458389] pci_bus 0000:00: root bus resource [mem 0x000a0000-0x000bffff window]
server # [    0.373490] cpuidle: using governor menu
client2 # [    0.459389] pci_bus 0000:00: root bus resource [mem 0x40000000-0xfebfffff window]
server # [    0.376590] acpiphp: ACPI Hot Plug PCI Controller Driver version: 0.5
client1 # [    0.524668] pci 0000:00:05.0: [1af4:1009] type 00 class 0x000200 conventional PCI endpoint
client2 # [    0.460388] pci_bus 0000:00: root bus resource [mem 0x100000000-0x17fffffff window]
server # [    0.377669] PCI: Using configuration type 1 for base access
client2 # [    0.461390] pci_bus 0000:00: root bus resource [bus 00-ff]
client1 # [    0.526646] pci 0000:00:05.0: BAR 0 [io  0xc080-0xc0bf]
server # [    0.378475] PCI: Using configuration type 1 for extended access
client2 # [    0.462680] pci 0000:00:00.0: [8086:1237] type 00 class 0x060000 conventional PCI endpoint
server # [    0.379650] kprobes: kprobe jump-optimization is enabled. All kprobes are optimized if possible.
client1 # [    0.528646] pci 0000:00:05.0: BAR 1 [mem 0xfebd3000-0xfebd3fff]
client2 # [    0.464122] pci 0000:00:01.0: [8086:7000] type 00 class 0x060100 conventional PCI endpoint
client2 # [    0.466361] pci 0000:00:01.1: [8086:7010] type 00 class 0x010180 conventional PCI endpoint
client1 # [    0.533237] pci 0000:00:05.0: BAR 4 [mem 0xfe008000-0xfe00bfff 64bit pref]
client2 # [    0.471390] pci 0000:00:01.1: BAR 4 [io  0xc1e0-0xc1ef]
client1 # [    0.537909] pci 0000:00:06.0: [1af4:1009] type 00 class 0x000200 conventional PCI endpoint
client2 # [    0.473428] pci 0000:00:01.1: BAR 0 [io  0x01f0-0x01f7]: legacy IDE quirk
client2 # [    0.474388] pci 0000:00:01.1: BAR 1 [io  0x03f6]: legacy IDE quirk
client1 # [    0.539646] pci 0000:00:06.0: BAR 0 [io  0xc160-0xc17f]
client2 # [    0.475388] pci 0000:00:01.1: BAR 2 [io  0x0170-0x0177]: legacy IDE quirk
client1 # [    0.541646] pci 0000:00:06.0: BAR 1 [mem 0xfebd4000-0xfebd4fff]
client2 # [    0.476388] pci 0000:00:01.1: BAR 3 [io  0x0376]: legacy IDE quirk
client2 # [    0.477690] pci 0000:00:01.2: [8086:7020] type 00 class 0x0c0300 conventional PCI endpoint
server # [    0.404731] HugeTLB: registered 1.00 GiB page size, pre-allocated 0 pages
client2 # [    0.481227] pci 0000:00:01.2: BAR 4 [io  0xc100-0xc11f]
server # [    0.405484] HugeTLB: 16380 KiB vmemmap can be freed for a 1.00 GiB page
client1 # [    0.547214] pci 0000:00:06.0: BAR 4 [mem 0xfe00c000-0xfe00ffff 64bit pref]
server # [    0.406476] HugeTLB: registered 2.00 MiB page size, pre-allocated 0 pages
server # [    0.407475] HugeTLB: 28 KiB vmemmap can be freed for a 2.00 MiB page
client2 # [    0.485594] pci 0000:00:01.3: [8086:7113] type 00 class 0x068000 conventional PCI endpoint
client1 # [    0.550735] pci 0000:00:07.0: [1af4:1009] type 00 class 0x000200 conventional PCI endpoint
client2 # [    0.487246] pci 0000:00:01.3: quirk: [io  0x0600-0x063f] claimed by PIIX4 ACPI
server # [    0.414378] ACPI: Added _OSI(Module Device)
client2 # [    0.488404] pci 0000:00:01.3: quirk: [io  0x0700-0x070f] claimed by PIIX4 SMB
server # [    0.415412] ACPI: Added _OSI(Processor Device)
client1 # [    0.554667] pci 0000:00:07.0: BAR 0 [io  0xc180-0xc19f]
client2 # [    0.490228] pci 0000:00:02.0: [1234:1111] type 00 class 0x030000 conventional PCI endpoint
server # [    0.417961] ACPI: Added _OSI(Processor Aggregator Device)
client1 # [    0.556647] pci 0000:00:07.0: BAR 1 [mem 0xfebd5000-0xfebd5fff]
client2 # [    0.492945] pci 0000:00:02.0: BAR 0 [mem 0xfd000000-0xfdffffff pref]
server # [    0.420198] ACPI: 1 ACPI AML tables successfully acquired and loaded
server # [    0.422768] ACPI: Interpreter enabled
server # [    0.423498] ACPI: PM: (supports S0 S3 S4 S5)
server # [    0.424476] ACPI: Using IOAPIC for interrupt routing
client2 # [    0.496394] pci 0000:00:02.0: BAR 2 [mem 0xfebd0000-0xfebd0fff]
client1 # [    0.561422] pci 0000:00:07.0: BAR 4 [mem 0xfe010000-0xfe013fff 64bit pref]
server # [    0.425516] PCI: Using host bridge windows from ACPI; if necessary, use "pci=nocrs" and report a bug
server # [    0.426475] PCI: Using E820 reservations for host bridge windows
server # [    0.427661] ACPI: Enabled 2 GPEs in block 00 to 0F
client1 # [    0.565912] pci 0000:00:08.0: [1af4:1001] type 00 class 0x010000 conventional PCI endpoint
client2 # [    0.502312] pci 0000:00:02.0: ROM [mem 0xfebc0000-0xfebcffff pref]
client1 # [    0.568647] pci 0000:00:08.0: BAR 0 [io  0xc000-0xc07f]
server # [    0.432433] ACPI: PCI Root Bridge [PCI0] (domain 0000 [bus 00-ff])
client2 # [    0.504414] pci 0000:00:02.0: Video device with shadowed ROM at [mem 0x000c0000-0x000dffff]
client1 # [    0.570646] pci 0000:00:08.0: BAR 1 [mem 0xfebd6000-0xfebd6fff]
server # [    0.433480] acpi PNP0A03:00: _OSC: OS supports [ExtendedConfig ASPM ClockPM Segments MSI HPX-Type3]
server # [    0.434835] acpiphp: Slot [3] registered
client2 # [    0.505950] pci 0000:00:03.0: [1af4:1000] type 00 class 0x020000 conventional PCI endpoint
server # [    0.435507] acpiphp: Slot [4] registered
server # [    0.436512] acpiphp: Slot [5] registered
client2 # [    0.507389] pci 0000:00:03.0: BAR 0 [io  0xc120-0xc13f]
server # [    0.437507] acpiphp: Slot [6] registered
server # [    0.438507] acpiphp: Slot [7] registered
server # [    0.439508] acpiphp: Slot [8] registered
server # [    0.440523] acpiphp: Slot [9] registered
client2 # [    0.509390] pci 0000:00:03.0: BAR 1 [mem 0xfebd1000-0xfebd1fff]
server # [    0.441558] acpiphp: Slot [10] registered
server # [    0.442511] acpiphp: Slot [11] registered
client1 # [    0.577650] pci 0000:00:08.0: BAR 4 [mem 0xfe014000-0xfe017fff 64bit pref]
server # [    0.443509] acpiphp: Slot [12] registered
server # [    0.444550] acpiphp: Slot [13] registered
server # [    0.445518] acpiphp: Slot [14] registered
server # [    0.446521] acpiphp: Slot [15] registered
server # [    0.447523] acpiphp: Slot [16] registered
server # [    0.448507] acpiphp: Slot [17] registered
server # [    0.449511] acpiphp: Slot [18] registered
client2 # [    0.515393] pci 0000:00:03.0: BAR 4 [mem 0xfe000000-0xfe003fff 64bit pref]
client1 # [    0.583817] pci 0000:00:09.0: [1af4:1000] type 00 class 0x020000 conventional PCI endpoint
server # [    0.450509] acpiphp: Slot [19] registered
server # [    0.451508] acpiphp: Slot [20] registered
client2 # [    0.517389] pci 0000:00:03.0: ROM [mem 0xfeb40000-0xfeb7ffff pref]
server # [    0.452513] acpiphp: Slot [21] registered
server # [    0.453505] acpiphp: Slot [22] registered
server # [    0.454505] acpiphp: Slot [23] registered
server # [    0.455509] acpiphp: Slot [24] registered
client2 # [    0.520389] pci 0000:00:04.0: [1af4:1005] type 00 class 0x00ff00 conventional PCI endpoint
server # [    0.456506] acpiphp: Slot [25] registered
server # [    0.457506] acpiphp: Slot [26] registered
server # [    0.458506] acpiphp: Slot [27] registered
client2 # [    0.522388] pci 0000:00:04.0: BAR 0 [io  0xc140-0xc15f]
server # [    0.459516] acpiphp: Slot [28] registered
server # [    0.460510] acpiphp: Slot [29] registered
client2 # [    0.524388] pci 0000:00:04.0: BAR 1 [mem 0xfebd2000-0xfebd2fff]
client1 # [    0.585647] pci 0000:00:09.0: BAR 0 [io  0xc1a0-0xc1bf]
server # [    0.461519] acpiphp: Slot [30] registered
server # [    0.462519] acpiphp: Slot [31] registered
server # [    0.463512] PCI host bridge to bus 0000:00
client1 # [    0.588651] pci 0000:00:09.0: BAR 1 [mem 0xfebd7000-0xfebd7fff]
server # [    0.464485] pci_bus 0000:00: root bus resource [io  0x0000-0x0cf7 window]
server # [    0.465478] pci_bus 0000:00: root bus resource [io  0x0d00-0xffff window]
client2 # [    0.529393] pci 0000:00:04.0: BAR 4 [mem 0xfe004000-0xfe007fff 64bit pref]
server # [    0.466477] pci_bus 0000:00: root bus resource [mem 0x000a0000-0x000bffff window]
client1 # [    0.593649] pci 0000:00:09.0: BAR 4 [mem 0xfe018000-0xfe01bfff 64bit pref]
server # [    0.467476] pci_bus 0000:00: root bus resource [mem 0x40000000-0xfebfffff window]
client1 # [    0.595511] pci 0000:00:09.0: ROM [mem 0xfeb80000-0xfebbffff pref]
server # [    0.468476] pci_bus 0000:00: root bus resource [mem 0x100000000-0x17fffffff window]
client2 # [    0.533388] pci 0000:00:05.0: [1af4:1009] type 00 class 0x000200 conventional PCI endpoint
server # [    0.469476] pci_bus 0000:00: root bus resource [bus 00-ff]
client2 # [    0.535389] pci 0000:00:05.0: BAR 0 [io  0xc080-0xc0bf]
server # [    0.470808] pci 0000:00:00.0: [8086:1237] type 00 class 0x060000 conventional PCI endpoint
client1 # [    0.598648] pci 0000:00:0a.0: [1af4:1052] type 00 class 0x090000 conventional PCI endpoint
server # [    0.472396] pci 0000:00:01.0: [8086:7000] type 00 class 0x060100 conventional PCI endpoint
client1 # [    0.601647] pci 0000:00:0a.0: BAR 1 [mem 0xfebd8000-0xfebd8fff]
client2 # [    0.537389] pci 0000:00:05.0: BAR 1 [mem 0xfebd3000-0xfebd3fff]
server # [    0.474588] pci 0000:00:01.1: [8086:7010] type 00 class 0x010180 conventional PCI endpoint
client1 # [    0.604648] pci 0000:00:0a.0: BAR 4 [mem 0xfe01c000-0xfe01ffff 64bit pref]
client2 # [    0.543304] pci 0000:00:05.0: BAR 4 [mem 0xfe008000-0xfe00bfff 64bit pref]
server # [    0.480482] pci 0000:00:01.1: BAR 4 [io  0xc1e0-0xc1ef]
server # [    0.483263] pci 0000:00:01.1: BAR 0 [io  0x01f0-0x01f7]: legacy IDE quirk
server # [    0.484475] pci 0000:00:01.1: BAR 1 [io  0x03f6]: legacy IDE quirk
client1 # [    0.610236] pci 0000:00:0b.0: [1af4:1003] type 00 class 0x078000 conventional PCI endpoint
client2 # [    0.548780] pci 0000:00:06.0: [1af4:1009] type 00 class 0x000200 conventional PCI endpoint
server # [    0.485475] pci 0000:00:01.1: BAR 2 [io  0x0170-0x0177]: legacy IDE quirk
client1 # [    0.612646] pci 0000:00:0b.0: BAR 0 [io  0xc0c0-0xc0ff]
client2 # [    0.550388] pci 0000:00:06.0: BAR 0 [io  0xc160-0xc17f]
server # [    0.486475] pci 0000:00:01.1: BAR 3 [io  0x0376]: legacy IDE quirk
server # [    0.487955] pci 0000:00:01.2: [8086:7020] type 00 class 0x0c0300 conventional PCI endpoint
client2 # [    0.552390] pci 0000:00:06.0: BAR 1 [mem 0xfebd4000-0xfebd4fff]
client1 # [    0.614648] pci 0000:00:0b.0: BAR 1 [mem 0xfebd9000-0xfebd9fff]
server # [    0.491479] pci 0000:00:01.2: BAR 4 [io  0xc100-0xc11f]
client2 # [    0.557245] pci 0000:00:06.0: BAR 4 [mem 0xfe00c000-0xfe00ffff 64bit pref]
client1 # [    0.619654] pci 0000:00:0b.0: BAR 4 [mem 0xfe020000-0xfe023fff 64bit pref]
server # [    0.496084] pci 0000:00:01.3: [8086:7113] type 00 class 0x068000 conventional PCI endpoint
server # [    0.498253] pci 0000:00:01.3: quirk: [io  0x0600-0x063f] claimed by PIIX4 ACPI
client2 # [    0.561491] pci 0000:00:07.0: [1af4:1009] type 00 class 0x000200 conventional PCI endpoint
server # [    0.499489] pci 0000:00:01.3: quirk: [io  0x0700-0x070f] claimed by PIIX4 SMB
client1 # [    0.624828] pci 0000:00:0c.0: [1af4:1005] type 00 class 0x00ff00 conventional PCI endpoint
client2 # [    0.563366] pci 0000:00:07.0: BAR 0 [io  0xc180-0xc19f]
client1 # [    0.626646] pci 0000:00:0c.0: BAR 0 [io  0xc1c0-0xc1df]
server # [    0.500843] pci 0000:00:02.0: [1234:1111] type 00 class 0x030000 conventional PCI endpoint
client2 # [    0.565320] pci 0000:00:07.0: BAR 1 [mem 0xfebd5000-0xfebd5fff]
client1 # [    0.628649] pci 0000:00:0c.0: BAR 1 [mem 0xfebda000-0xfebdafff]
server # [    0.503210] pci 0000:00:02.0: BAR 0 [mem 0xfd000000-0xfdffffff pref]
client1 # [    0.633369] pci 0000:00:0c.0: BAR 4 [mem 0xfe024000-0xfe027fff 64bit pref]
server # [    0.507506] pci 0000:00:02.0: BAR 2 [mem 0xfebd0000-0xfebd0fff]
client2 # [    0.572070] pci 0000:00:07.0: BAR 4 [mem 0xfe010000-0xfe013fff 64bit pref]
client2 # [    0.576528] pci 0000:00:08.0: [1af4:1001] type 00 class 0x010000 conventional PCI endpoint
client1 # [    0.638250] ACPI: PCI: Interrupt link LNKA configured for IRQ 10
client1 # [    0.639549] ACPI: PCI: Interrupt link LNKB configured for IRQ 10
client1 # [    0.641193] ACPI: PCI: Interrupt link LNKC configured for IRQ 11
client2 # [    0.579391] pci 0000:00:08.0: BAR 0 [io  0xc000-0xc07f]
client1 # [    0.641821] ACPI: PCI: Interrupt link LNKD configured for IRQ 11
server # [    0.514590] pci 0000:00:02.0: ROM [mem 0xfebc0000-0xfebcffff pref]
client1 # [    0.642751] ACPI: PCI: Interrupt link LNKS configured for IRQ 9
client2 # [    0.582390] pci 0000:00:08.0: BAR 1 [mem 0xfebd6000-0xfebd6fff]
server # [    0.516600] pci 0000:00:02.0: Video device with shadowed ROM at [mem 0x000c0000-0x000dffff]
client1 # [    0.644214] iommu: Default domain type: Translated
server # [    0.518085] pci 0000:00:03.0: [1af4:1000] type 00 class 0x020000 conventional PCI endpoint
client1 # [    0.644646] iommu: DMA domain TLB invalidation policy: lazy mode
client1 # [    0.645706] ACPI: bus type USB registered
client1 # [    0.646692] usbcore: registered new interface driver usbfs
client1 # [    0.647657] usbcore: registered new interface driver hub
server # [    0.520478] pci 0000:00:03.0: BAR 0 [io  0xc120-0xc13f]
client1 # [    0.648661] usbcore: registered new device driver usb
client1 # [    0.650248] NetLabel: Initializing
server # [    0.522477] pci 0000:00:03.0: BAR 1 [mem 0xfebd1000-0xfebd1fff]
client2 # [    0.588002] pci 0000:00:08.0: BAR 4 [mem 0xfe014000-0xfe017fff 64bit pref]
client1 # [    0.650645] NetLabel:  domain hash size = 128
client1 # [    0.651646] NetLabel:  protocols = UNLABELED CIPSOv4 CALIPSO
client1 # [    0.652700] NetLabel:  unlabeled traffic allowed by default
client1 # [    0.653650] PCI: Using ACPI for IRQ routing
client2 # [    0.591577] pci 0000:00:09.0: [1af4:1000] type 00 class 0x020000 conventional PCI endpoint
client1 # [    0.655575] pci 0000:00:02.0: vgaarb: setting as boot VGA device
client1 # [    0.655641] pci 0000:00:02.0: vgaarb: bridge control possible
server # [    0.527484] pci 0000:00:03.0: BAR 4 [mem 0xfe000000-0xfe003fff 64bit pref]
client1 # [    0.655641] pci 0000:00:02.0: vgaarb: VGA device added: decodes=io+mem,owns=io+mem,locks=none
client1 # [    0.655654] vgaarb: loaded
server # [    0.530476] pci 0000:00:03.0: ROM [mem 0xfeb40000-0xfeb7ffff pref]
client1 # [    0.656617] hpet0: at MMIO 0xfed00000, IRQs 2, 8, 0
client1 # [    0.657645] hpet0: 3 comparators, 64-bit 100.000000 MHz counter
server # [    0.533551] pci 0000:00:04.0: [1af4:1005] type 00 class 0x00ff00 conventional PCI endpoint
client2 # [    0.593391] pci 0000:00:09.0: BAR 0 [io  0xc1a0-0xc1bf]
client1 # [    0.661734] clocksource: Switched to clocksource kvm-clock
server # [    0.536361] pci 0000:00:04.0: BAR 0 [io  0xc140-0xc15f]
client2 # [    0.596428] pci 0000:00:09.0: BAR 1 [mem 0xfebd7000-0xfebd7fff]
client1 # [    0.665877] VFS: Disk quotas dquot_6.6.0
server # [    0.538491] pci 0000:00:04.0: BAR 1 [mem 0xfebd2000-0xfebd2fff]
client1 # [    0.667280] VFS: Dquot-cache hash table entries: 512 (order 0, 4096 bytes)
client1 # [    0.669405] pnp: PnP ACPI init
client1 # [    0.672628] pnp: PnP ACPI: found 6 devices
client2 # [    0.603397] pci 0000:00:09.0: BAR 4 [mem 0xfe018000-0xfe01bfff 64bit pref]
server # [    0.545171] pci 0000:00:04.0: BAR 4 [mem 0xfe004000-0xfe007fff 64bit pref]
client2 # [    0.605389] pci 0000:00:09.0: ROM [mem 0xfeb80000-0xfebbffff pref]
client1 # [    0.681166] clocksource: acpi_pm: mask: 0xffffff max_cycles: 0xffffff, max_idle_ns: 2085701024 ns
client1 # [    0.684331] clocksource: Switched to clocksource acpi_pm
server # [    0.549686] pci 0000:00:05.0: [1af4:1009] type 00 class 0x000200 conventional PCI endpoint
client2 # [    0.608535] pci 0000:00:0a.0: [1af4:1052] type 00 class 0x090000 conventional PCI endpoint
client1 # [    0.686160] NET: Registered PF_INET protocol family
client1 # [    0.687735] IP idents hash table entries: 16384 (order: 5, 131072 bytes, linear)
client2 # [    0.610883] pci 0000:00:0a.0: BAR 1 [mem 0xfebd8000-0xfebd8fff]
server # [    0.551477] pci 0000:00:05.0: BAR 0 [io  0xc080-0xc0bf]
server # [    0.554486] pci 0000:00:05.0: BAR 1 [mem 0xfebd3000-0xfebd3fff]
client2 # [    0.614331] pci 0000:00:0a.0: BAR 4 [mem 0xfe01c000-0xfe01ffff 64bit pref]
client1 # [    0.702207] tcp_listen_portaddr_hash hash table entries: 512 (order: 1, 8192 bytes, linear)
client2 # [    0.620444] pci 0000:00:0b.0: [1af4:1003] type 00 class 0x078000 conventional PCI endpoint
server # [    0.558481] pci 0000:00:05.0: BAR 4 [mem 0xfe008000-0xfe00bfff 64bit pref]
client1 # [    0.704661] Table-perturb hash table entries: 65536 (order: 6, 262144 bytes, linear)
client2 # [    0.622390] pci 0000:00:0b.0: BAR 0 [io  0xc0c0-0xc0ff]
client1 # [    0.707258] TCP established hash table entries: 8192 (order: 4, 65536 bytes, linear)
server # [    0.563705] pci 0000:00:06.0: [1af4:1009] type 00 class 0x000200 conventional PCI endpoint
client2 # [    0.624390] pci 0000:00:0b.0: BAR 1 [mem 0xfebd9000-0xfebd9fff]
client1 # [    0.709811] TCP bind hash table entries: 8192 (order: 6, 262144 bytes, linear)
client1 # [    0.712689] TCP: Hash tables configured (established 8192 bind 8192)
client1 # [    0.714915] MPTCP token hash table entries: 1024 (order: 3, 24576 bytes, linear)
server # [    0.565481] pci 0000:00:06.0: BAR 0 [io  0xc160-0xc17f]
client1 # [    0.717481] UDP hash table entries: 512 (order: 2, 16384 bytes, linear)
client2 # [    0.630396] pci 0000:00:0b.0: BAR 4 [mem 0xfe020000-0xfe023fff 64bit pref]
server # [    0.569405] pci 0000:00:06.0: BAR 1 [mem 0xfebd4000-0xfebd4fff]
client1 # [    0.720015] UDP-Lite hash table entries: 512 (order: 2, 16384 bytes, linear)
client1 # [    0.722077] NET: Registered PF_UNIX/PF_LOCAL protocol family
client1 # [    0.723805] NET: Registered PF_XDP protocol family
client1 # [    0.725221] pci_bus 0000:00: resource 4 [io  0x0000-0x0cf7 window]
client1 # [    0.727043] pci_bus 0000:00: resource 5 [io  0x0d00-0xffff window]
client1 # [    0.728780] pci_bus 0000:00: resource 6 [mem 0x000a0000-0x000bffff window]
client2 # [    0.636534] pci 0000:00:0c.0: [1af4:1005] type 00 class 0x00ff00 conventional PCI endpoint
client1 # [    0.730612] pci_bus 0000:00: resource 7 [mem 0x40000000-0xfebfffff window]
server # [    0.575483] pci 0000:00:06.0: BAR 4 [mem 0xfe00c000-0xfe00ffff 64bit pref]
client1 # [    0.732486] pci_bus 0000:00: resource 8 [mem 0x100000000-0x17fffffff window]
client2 # [    0.638393] pci 0000:00:0c.0: BAR 0 [io  0xc1c0-0xc1df]
client1 # [    0.734642] pci 0000:00:01.0: PIIX3: Enabling Passive Release
client1 # [    0.736279] pci 0000:00:00.0: Limiting direct PCI/PCI transfers
client2 # [    0.641337] pci 0000:00:0c.0: BAR 1 [mem 0xfebda000-0xfebdafff]
server # [    0.580492] pci 0000:00:07.0: [1af4:1009] type 00 class 0x000200 conventional PCI endpoint
client1 # [    0.739387] ACPI: \_SB_.LNKD: Enabled at IRQ 11
client1 # [    0.742982] PCI: CLS 0 bytes, default 64
server # [    0.583466] pci 0000:00:07.0: BAR 0 [io  0xc180-0xc19f]
client2 # [    0.645406] pci 0000:00:0c.0: BAR 4 [mem 0xfe024000-0xfe027fff 64bit pref]
client1 # [    0.744376] Trying to unpack rootfs image as initramfs...
server # [    0.585484] pci 0000:00:07.0: BAR 1 [mem 0xfebd5000-0xfebd5fff]
client1 # [    0.746127] clocksource: tsc: mask: 0xffffffffffffffff max_cycles: 0x6d57f88b65f, max_idle_ns: 881590775461 ns
client2 # [    0.650953] ACPI: PCI: Interrupt link LNKA configured for IRQ 10
client2 # [    0.651674] ACPI: PCI: Interrupt link LNKB configured for IRQ 10
client2 # [    0.652577] ACPI: PCI: Interrupt link LNKC configured for IRQ 11
server # [    0.590266] pci 0000:00:07.0: BAR 4 [mem 0xfe010000-0xfe013fff 64bit pref]
client2 # [    0.653563] ACPI: PCI: Interrupt link LNKD configured for IRQ 11
client2 # [    0.654507] ACPI: PCI: Interrupt link LNKS configured for IRQ 9
client2 # [    0.656082] iommu: Default domain type: Translated
server # [    0.594686] pci 0000:00:08.0: [1af4:1001] type 00 class 0x010000 conventional PCI endpoint
client2 # [    0.656391] iommu: DMA domain TLB invalidation policy: lazy mode
client2 # [    0.657443] ACPI: bus type USB registered
client2 # [    0.658430] usbcore: registered new interface driver usbfs
client2 # [    0.659400] usbcore: registered new interface driver hub
server # [    0.598229] pci 0000:00:08.0: BAR 0 [io  0xc000-0xc07f]
client2 # [    0.660406] usbcore: registered new device driver usb
client2 # [    0.662094] NetLabel: Initializing
client2 # [    0.663148] NetLabel:  domain hash size = 128
server # [    0.601482] pci 0000:00:08.0: BAR 1 [mem 0xfebd6000-0xfebd6fff]
client2 # [    0.664344] NetLabel:  protocols = UNLABELED CIPSOv4 CALIPSO
client2 # [    0.665612] NetLabel:  unlabeled traffic allowed by default
client2 # [    0.667407] PCI: Using ACPI for IRQ routing
client2 # [    0.669073] pci 0000:00:02.0: vgaarb: setting as boot VGA device
client1 # [    0.780688] Initialise system trusted keyrings
client2 # [    0.669383] pci 0000:00:02.0: vgaarb: bridge control possible
client2 # [    0.669383] pci 0000:00:02.0: vgaarb: VGA device added: decodes=io+mem,owns=io+mem,locks=none
client1 # [    0.783843] workingset: timestamp_bits=40 max_order=18 bucket_order=0
client2 # [    0.669402] vgaarb: loaded
client2 # [    0.670416] hpet0: at MMIO 0xfed00000, IRQs 2, 8, 0
server # [    0.608338] pci 0000:00:08.0: BAR 4 [mem 0xfe014000-0xfe017fff 64bit pref]
client2 # [    0.671389] hpet0: 3 comparators, 64-bit 100.000000 MHz counter
client2 # [    0.676486] clocksource: Switched to clocksource kvm-clock
server # [    0.612887] pci 0000:00:09.0: [1af4:1000] type 00 class 0x020000 conventional PCI endpoint
client2 # [    0.679720] VFS: Disk quotas dquot_6.6.0
client2 # [    0.680945] VFS: Dquot-cache hash table entries: 512 (order 0, 4096 bytes)
client2 # [    0.684215] pnp: PnP ACPI init
client2 # [    0.685916] pnp: PnP ACPI: found 6 devices
client1 # [    0.809835] Key type asymmetric registered
server # [    0.614482] pci 0000:00:09.0: BAR 0 [io  0xc1a0-0xc1bf]
client2 # [    0.693263] clocksource: acpi_pm: mask: 0xffffff max_cycles: 0xffffff, max_idle_ns: 2085701024 ns
client1 # [    0.812662] Asymmetric key parser 'x509' registered
server # [    0.617482] pci 0000:00:09.0: BAR 1 [mem 0xfebd7000-0xfebd7fff]
client2 # [    0.695860] clocksource: Switched to clocksource acpi_pm
client2 # [    0.697646] NET: Registered PF_INET protocol family
client2 # [    0.699193] IP idents hash table entries: 16384 (order: 5, 131072 bytes, linear)
client1 # [    0.816969] Block layer SCSI generic (bsg) driver version 0.4 loaded (major 251)
server # [    0.621486] pci 0000:00:09.0: BAR 4 [mem 0xfe018000-0xfe01bfff 64bit pref]
client1 # [    0.823132] io scheduler mq-deadline registered
client1 # [    0.824511] io scheduler kyber registered
client1 # [    0.830466] Serial: 8250/16550 driver, 4 ports, IRQ sharing enabled
server # [    0.624501] pci 0000:00:09.0: ROM [mem 0xfeb80000-0xfebbffff pref]
client1 # [    0.832691] 00:04: ttyS0 at I/O 0x3f8 (irq = 4, base_baud = 115200) is a 16550A
client2 # [    0.715746] tcp_listen_portaddr_hash hash table entries: 512 (order: 1, 8192 bytes, linear)
server # [    0.628676] pci 0000:00:0a.0: [1af4:1052] type 00 class 0x090000 conventional PCI endpoint
client2 # [    0.718255] Table-perturb hash table entries: 65536 (order: 6, 262144 bytes, linear)
client2 # [    0.720572] TCP established hash table entries: 8192 (order: 4, 65536 bytes, linear)
server # [    0.631407] pci 0000:00:0a.0: BAR 1 [mem 0xfebd8000-0xfebd8fff]
client2 # [    0.722776] TCP bind hash table entries: 8192 (order: 6, 262144 bytes, linear)
client1 # [    0.841918] Linux agpgart interface v0.103
client2 # [    0.725449] TCP: Hash tables configured (established 8192 bind 8192)
server # [    0.634957] pci 0000:00:0a.0: BAR 4 [mem 0xfe01c000-0xfe01ffff 64bit pref]
client2 # [    0.727472] MPTCP token hash table entries: 1024 (order: 3, 24576 bytes, linear)
client1 # [    0.846896] ACPI: bus type drm_connector registered
client2 # [    0.729639] UDP hash table entries: 512 (order: 2, 16384 bytes, linear)
client2 # [    0.731437] UDP-Lite hash table entries: 512 (order: 2, 16384 bytes, linear)
client2 # [    0.733590] NET: Registered PF_UNIX/PF_LOCAL protocol family
server # [    0.638577] pci 0000:00:0b.0: [1af4:1003] type 00 class 0x078000 conventional PCI endpoint
client1 # [    0.851244] usbcore: registered new interface driver usbserial_generic
client2 # [    0.735197] NET: Registered PF_XDP protocol family
server # [    0.640477] pci 0000:00:0b.0: BAR 0 [io  0xc0c0-0xc0ff]
client2 # [    0.736768] pci_bus 0000:00: resource 4 [io  0x0000-0x0cf7 window]
client2 # [    0.738474] pci_bus 0000:00: resource 5 [io  0x0d00-0xffff window]
server # [    0.642478] pci 0000:00:0b.0: BAR 1 [mem 0xfebd9000-0xfebd9fff]
client1 # [    0.857230] usbserial: USB Serial support registered for generic
client2 # [    0.740250] pci_bus 0000:00: resource 6 [mem 0x000a0000-0x000bffff window]
client1 # [    0.858908] amd_pstate: The CPPC feature is supported but currently disabled by the BIOS.
client2 # [    0.742170] pci_bus 0000:00: resource 7 [mem 0x40000000-0xfebfffff window]
client1 # [    0.858908] Please enable it if your BIOS has the CPPC option.
client2 # [    0.744115] pci_bus 0000:00: resource 8 [mem 0x100000000-0x17fffffff window]
client2 # [    0.746158] pci 0000:00:01.0: PIIX3: Enabling Passive Release
client1 # [    0.863194] amd_pstate: the _CPC object is not present in SBIOS or ACPI disabled
client2 # [    0.747805] pci 0000:00:00.0: Limiting direct PCI/PCI transfers
server # [    0.648491] pci 0000:00:0b.0: BAR 4 [mem 0xfe020000-0xfe023fff 64bit pref]
client2 # [    0.750965] ACPI: \_SB_.LNKD: Enabled at IRQ 11
client2 # [    0.754407] PCI: CLS 0 bytes, default 64
server # [    0.652627] pci 0000:00:0c.0: [1af4:1005] type 00 class 0x00ff00 conventional PCI endpoint
client2 # [    0.755894] Trying to unpack rootfs image as initramfs...
client1 # [    0.873024] drop_monitor: Initializing network drop monitor service
client2 # [    0.759421] clocksource: tsc: mask: 0xffffffffffffffff max_cycles: 0x6d57f88b65f, max_idle_ns: 881590775461 ns
server # [    0.656491] pci 0000:00:0c.0: BAR 0 [io  0xc1c0-0xc1df]
server # [    0.658478] pci 0000:00:0c.0: BAR 1 [mem 0xfebda000-0xfebdafff]
client1 # [    0.885892] NET: Registered PF_INET6 protocol family
server # [    0.662485] pci 0000:00:0c.0: BAR 4 [mem 0xfe024000-0xfe027fff 64bit pref]
server # [    0.669267] ACPI: PCI: Interrupt link LNKA configured for IRQ 10
client2 # [    0.785038] Initialise system trusted keyrings
server # [    0.670697] ACPI: PCI: Interrupt link LNKB configured for IRQ 10
server # [    0.671678] ACPI: PCI: Interrupt link LNKC configured for IRQ 11
client2 # [    0.789152] workingset: timestamp_bits=40 max_order=18 bucket_order=0
server # [    0.672660] ACPI: PCI: Interrupt link LNKD configured for IRQ 11
server # [    0.673579] ACPI: PCI: Interrupt link LNKS configured for IRQ 9
client1 # [    0.911285] Freeing initrd memory: 12348K
server # [    0.675253] iommu: Default domain type: Translated
client1 # [    0.913034] Segment Routing with IPv6
server # [    0.676475] iommu: DMA domain TLB invalidation policy: lazy mode
client1 # [    0.914177] In-situ OAM (IOAM) with IPv6
server # [    0.677521] ACPI: bus type USB registered
client1 # [    0.915782] IPI shorthand broadcast: enabled
server # [    0.678506] usbcore: registered new interface driver usbfs
server # [    0.679491] usbcore: registered new interface driver hub
server # [    0.680491] usbcore: registered new device driver usb
client1 # [    0.919753] sched_clock: Marking stable (698034677, 221563890)->(1127528113, -207929546)
server # [    0.682918] NetLabel: Initializing
server # [    0.683475] NetLabel:  domain hash size = 128
client1 # [    0.922457] registered taskstats version 1
server # [    0.684475] NetLabel:  protocols = UNLABELED CIPSOv4 CALIPSO
client1 # [    0.924124] Loading compiled-in X.509 certificates
server # [    0.685507] NetLabel:  unlabeled traffic allowed by default
server # [    0.686477] PCI: Using ACPI for IRQ routing
server # [    0.688560] pci 0000:00:02.0: vgaarb: setting as boot VGA device
client1 # [    0.931287] Demotion targets for Node 0: null
server # [    0.689470] pci 0000:00:02.0: vgaarb: bridge control possible
client2 # [    0.814573] Key type asymmetric registered
client1 # [    0.932777] Key type .fscrypt registered
client1 # [    0.933941] Key type fscrypt-provisioning registered
server # [    0.689470] pci 0000:00:02.0: vgaarb: VGA device added: decodes=io+mem,owns=io+mem,locks=none
server # [    0.689485] vgaarb: loaded
client1 # [    0.935653] PM:   Magic number: 10:716:455
client2 # [    0.818532] Asymmetric key parser 'x509' registered
server # [    0.690640] hpet0: at MMIO 0xfed00000, IRQs 2, 8, 0
server # [    0.691475] hpet0: 3 comparators, 64-bit 100.000000 MHz counter
client1 # [    0.938545] RAS: Correctable Errors collector initialized.
client2 # [    0.821612] Block layer SCSI generic (bsg) driver version 0.4 loaded (major 251)
client1 # [    0.943636] clk: Disabling unused clocks
server # [    0.695636] clocksource: Switched to clocksource kvm-clock
client1 # [    0.944831] PM: genpd: Disabling unused power domains
client2 # [    0.827779] io scheduler mq-deadline registered
client2 # [    0.829175] io scheduler kyber registered
server # [    0.699061] VFS: Disk quotas dquot_6.6.0
client1 # [    0.947421] Freeing unused decrypted memory: 2028K
server # [    0.700359] VFS: Dquot-cache hash table entries: 512 (order 0, 4096 bytes)
server # [    0.702485] pnp: PnP ACPI init
client1 # [    0.949454] Freeing unused kernel image (initmem) memory: 3416K
client2 # [    0.833106] Serial: 8250/16550 driver, 4 ports, IRQ sharing enabled
client1 # [    0.951273] Write protecting the kernel read-only data: 30720k
server # [    0.704195] pnp: PnP ACPI: found 6 devices
client1 # [    0.953471] Freeing unused kernel image (rodata/data gap) memory: 1776K
client2 # [    0.840383] 00:04: ttyS0 at I/O 0x3f8 (irq = 4, base_baud = 115200) is a 16550A
server # [    0.711779] clocksource: acpi_pm: mask: 0xffffff max_cycles: 0xffffff, max_idle_ns: 2085701024 ns
server # [    0.714556] clocksource: Switched to clocksource acpi_pm
server # [    0.716280] NET: Registered PF_INET protocol family
client2 # [    0.848823] Linux agpgart interface v0.103
server # [    0.717892] IP idents hash table entries: 16384 (order: 5, 131072 bytes, linear)
client2 # [    0.852035] ACPI: bus type drm_connector registered
client2 # [    0.858932] usbcore: registered new interface driver usbserial_generic
client2 # [    0.863540] usbserial: USB Serial support registered for generic
client2 # [    0.865274] amd_pstate: The CPPC feature is supported but currently disabled by the BIOS.
server # [    0.735926] tcp_listen_portaddr_hash hash table entries: 512 (order: 1, 8192 bytes, linear)
client2 # [    0.865274] Please enable it if your BIOS has the CPPC option.
server # [    0.738506] Table-perturb hash table entries: 65536 (order: 6, 262144 bytes, linear)
client2 # [    0.869111] amd_pstate: the _CPC object is not present in SBIOS or ACPI disabled
server # [    0.740907] TCP established hash table entries: 8192 (order: 4, 65536 bytes, linear)
server # [    0.743362] TCP bind hash table entries: 8192 (order: 6, 262144 bytes, linear)
server # [    0.745377] TCP: Hash tables configured (established 8192 bind 8192)
server # [    0.747197] MPTCP token hash table entries: 1024 (order: 3, 24576 bytes, linear)
client2 # [    0.879840] drop_monitor: Initializing network drop monitor service
server # [    0.749537] UDP hash table entries: 512 (order: 2, 16384 bytes, linear)
client1 # [    0.998174] x86/mm: Checked W+X mappings: passed, no W+X pages found.
client1 # [    1.000008] Run /init as init process
server # [    0.751531] UDP-Lite hash table entries: 512 (order: 2, 16384 bytes, linear)
server # [    0.753821] NET: Registered PF_UNIX/PF_LOCAL protocol family
client2 # [    0.884839] NET: Registered PF_INET6 protocol family
server # [    0.755543] NET: Registered PF_XDP protocol family
server # [    0.757074] pci_bus 0000:00: resource 4 [io  0x0000-0x0cf7 window]
server # [    0.758926] pci_bus 0000:00: resource 5 [io  0x0d00-0xffff window]
server # [    0.760799] pci_bus 0000:00: resource 6 [mem 0x000a0000-0x000bffff window]
server # [    0.762934] pci_bus 0000:00: resource 7 [mem 0x40000000-0xfebfffff window]
server # [    0.764944] pci_bus 0000:00: resource 8 [mem 0x100000000-0x17fffffff window]
server # [    0.767225] pci 0000:00:01.0: PIIX3: Enabling Passive Release
server # [    0.769012] pci 0000:00:00.0: Limiting direct PCI/PCI transfers
server # [    0.772118] ACPI: \_SB_.LNKD: Enabled at IRQ 11
server # [    0.775566] PCI: CLS 0 bytes, default 64
server # [    0.777045] Trying to unpack rootfs image as initramfs...
server # [    0.780599] clocksource: tsc: mask: 0xffffffffffffffff max_cycles: 0x6d57f88b65f, max_idle_ns: 881590775461 ns
client2 # [    0.913939] Freeing initrd memory: 12340K
client2 # [    0.915714] Segment Routing with IPv6
client2 # [    0.916893] In-situ OAM (IOAM) with IPv6
client2 # [    0.918608] IPI shorthand broadcast: enabled
client2 # [    0.922193] sched_clock: Marking stable (699029672, 222481856)->(1134375556, -212864028)
client2 # [    0.924908] registered taskstats version 1
client2 # [    0.926716] Loading compiled-in X.509 certificates
client1 # [    1.043785] device-mapper: ioctl: 4.48.0-ioctl (2023-03-01) initialised: dm-devel@lists.linux.dev
client2 # [    0.933290] Demotion targets for Node 0: null
client2 # [    0.934790] Key type .fscrypt registered
server # [    0.805314] Initialise system trusted keyrings
client2 # [    0.935983] Key type fscrypt-provisioning registered
client2 # [    0.937691] PM:   Magic number: 10:716:455
client2 # [    0.940717] RAS: Correctable Errors collector initialized.
server # [    0.810276] workingset: timestamp_bits=40 max_order=18 bucket_order=0
client2 # [    0.945680] clk: Disabling unused clocks
client2 # [    0.946875] PM: genpd: Disabling unused power domains
client2 # [    0.949534] Freeing unused decrypted memory: 2028K
client2 # [    0.951574] Freeing unused kernel image (initmem) memory: 3416K
client2 # [    0.953308] Write protecting the kernel read-only data: 30720k
client2 # [    0.955447] Freeing unused kernel image (rodata/data gap) memory: 1776K
server # [    0.836867] Key type asymmetric registered
server # [    0.839992] Asymmetric key parser 'x509' registered
server # [    0.843959] Block layer SCSI generic (bsg) driver version 0.4 loaded (major 251)
server # [    0.850020] io scheduler mq-deadline registered
server # [    0.851344] io scheduler kyber registered
server # [    0.855588] Serial: 8250/16550 driver, 4 ports, IRQ sharing enabled
server # [    0.860309] 00:04: ttyS0 at I/O 0x3f8 (irq = 4, base_baud = 115200) is a 16550A
server # [    0.868009] Linux agpgart interface v0.103
server # [    0.871865] ACPI: bus type drm_connector registered
client2 # [    1.003299] x86/mm: Checked W+X mappings: passed, no W+X pages found.
client2 # [    1.005197] Run /init as init process
server # [    0.877642] usbcore: registered new interface driver usbserial_generic
server # [    0.883066] usbserial: USB Serial support registered for generic
server # [    0.884811] amd_pstate: The CPPC feature is supported but currently disabled by the BIOS.
server # [    0.884811] Please enable it if your BIOS has the CPPC option.
server # [    0.888498] amd_pstate: the _CPC object is not present in SBIOS or ACPI disabled
server # [    0.897995] drop_monitor: Initializing network drop monitor service
server # [    0.903129] NET: Registered PF_INET6 protocol family
server # [    0.919478] Freeing initrd memory: 12344K
client2 # [    1.048391] device-mapper: ioctl: 4.48.0-ioctl (2023-03-01) initialised: dm-devel@lists.linux.dev
server # [    0.921240] Segment Routing with IPv6
server # [    0.922382] In-situ OAM (IOAM) with IPv6
server # [    0.924021] IPI shorthand broadcast: enabled
server # [    0.930164] sched_clock: Marking stable (702136525, 227758897)->(1165973770, -236078348)
server # [    0.932927] registered taskstats version 1
server # [    0.934387] Loading compiled-in X.509 certificates
server # [    0.941581] Demotion targets for Node 0: null
server # [    0.943235] Key type .fscrypt registered
server # [    0.944528] Key type fscrypt-provisioning registered
server # [    0.946347] PM:   Magic number: 10:716:455
server # [    0.949564] RAS: Correctable Errors collector initialized.
server # [    0.955057] clk: Disabling unused clocks
server # [    0.956368] PM: genpd: Disabling unused power domains
server # [    0.959254] Freeing unused decrypted memory: 2028K
server # [    0.961702] Freeing unused kernel image (initmem) memory: 3416K
server # [    0.964210] Write protecting the kernel read-only data: 30720k
server # [    0.966704] Freeing unused kernel image (rodata/data gap) memory: 1776K
client1 # [    1.246645] i8042: PNP: PS/2 Controller [PNP0303:KBD,PNP0f13:MOU] at 0x60,0x64 irq 1,12
client1 # [    1.252457] ACPI: \_SB_.LNKC: Enabled at IRQ 10
client1 # [    1.255157] uhci_hcd 0000:00:01.2: UHCI Host Controller
client1 # [    1.261479] serio: i8042 KBD port at 0x60,0x64 irq 1
server # [    1.013544] x86/mm: Checked W+X mappings: passed, no W+X pages found.
server # [    1.015523] Run /init as init process
client1 # [    1.264963] uhci_hcd 0000:00:01.2: new USB bus registered, assigned bus number 1
client1 # [    1.271260] SCSI subsystem initialized
client1 # [    1.275174] serio: i8042 AUX port at 0x60,0x64 irq 12
client1 # [    1.277263] uhci_hcd 0000:00:01.2: detected 2 ports
client1 # [    1.285808] uhci_hcd 0000:00:01.2: irq 11, io port 0x0000c100
client1 # [    1.297774] usb usb1: New USB device found, idVendor=1d6b, idProduct=0001, bcdDevice= 6.12
client1 # [    1.300105] usb usb1: New USB device strings: Mfr=3, Product=2, SerialNumber=1
client1 # [    1.302132] usb usb1: Product: UHCI Host Controller
client1 # [    1.303524] usb usb1: Manufacturer: Linux 6.12.63 uhci_hcd
client1 # [    1.305119] usb usb1: SerialNumber: 0000:00:01.2
client1 # [    1.307349] ACPI: \_SB_.LNKA: Enabled at IRQ 10
server # [    1.059356] device-mapper: ioctl: 4.48.0-ioctl (2023-03-01) initialised: dm-devel@lists.linux.dev
client1 # [    1.317876] ACPI: \_SB_.LNKB: Enabled at IRQ 11
client1 # [    1.327870] hub 1-0:1.0: USB hub found
client1 # [    1.331697] hub 1-0:1.0: 2 ports detected
client1 # [    1.349177] scsi host0: ata_piix
client1 # [    1.352514] scsi host1: ata_piix
client1 # [    1.356627] ata1: PATA max MWDMA2 cmd 0x1f0 ctl 0x3f6 bmdma 0xc1e0 irq 14 lpm-pol 0
client1 # [    1.358775] ata2: PATA max MWDMA2 cmd 0x170 ctl 0x376 bmdma 0xc1e8 irq 15 lpm-pol 0
client2 # [    1.243218] ACPI: \_SB_.LNKC: Enabled at IRQ 10
client2 # [    1.263948] i8042: PNP: PS/2 Controller [PNP0303:KBD,PNP0f13:MOU] at 0x60,0x64 irq 1,12
client2 # [    1.271560] uhci_hcd 0000:00:01.2: UHCI Host Controller
